ARM Linker, 4.1 [Build 791] [Standard]

==============================================================================

Section Cross References

    debug.o(.text) refers to queue.o(.text) for xQueueGenericCreate
    debug.o(.text) refers to port.o(.text) for vPortEnterCritical
    debug.o(.text) refers to stm32f4xx_usart.o(.text) for USART_GetFlagStatus
    debug.o(.text) refers to mems.o(.text) for vSetMemsDump
    debug.o(.text) refers to stm32f4xx_pwr.o(.text) for PWR_GetFlagStatus
    debug.o(.text) refers to stm32f4xx_rcc.o(.text) for RCC_GetFlagStatus
    debug.o(.text) refers to debug.o(.data) for .data
    main.o(.text) refers to tasks.o(.text) for xTaskGetTickCount
    main.o(.text) refers to utils.o(.text) for HwInit
    main.o(.text) refers to debug.o(.text) for vDebugInitQueue
    main.o(.text) refers to port.o(.emb_text) for vPortSetInterruptMask
    main.o(.text) refers to main.o(.data) for .data
    main.o(.text) refers to mems.o(.text) for vMemsTask
    mems.o(.text) refers to stm32f4_discovery_lis302dl.o(.text) for LIS302DL_Init
    mems.o(.text) refers to tasks.o(.text) for vTaskDelay
    mems.o(.text) refers to utils.o(.text) for ptopwm
    mems.o(.text) refers to debug.o(.text) for vDebugPrintf
    mems.o(.text) refers to port.o(.emb_text) for vPortSetInterruptMask
    mems.o(.text) refers to mems.o(.data) for .data
    croutine.o(.text) refers to heap_1.o(.text) for pvPortMalloc
    croutine.o(.text) refers to list.o(.text) for vListInitialise
    croutine.o(.text) refers to tasks.o(.text) for xTaskGetTickCount
    croutine.o(.text) refers to port.o(.emb_text) for vPortSetInterruptMask
    croutine.o(.text) refers to croutine.o(.data) for .data
    croutine.o(.text) refers to croutine.o(.bss) for .bss
    queue.o(.text) refers to heap_1.o(.text) for pvPortMalloc
    queue.o(.text) refers to list.o(.text) for vListInitialise
    queue.o(.text) refers to port.o(.emb_text) for vPortSetInterruptMask
    queue.o(.text) refers to port.o(.text) for vPortEnterCritical
    queue.o(.text) refers to tasks.o(.text) for xTaskRemoveFromEventList
    queue.o(.text) refers to memcpya.o(.text) for __aeabi_memcpy
    queue.o(.text) refers to queue.o(.bss) for .bss
    tasks.o(.text) refers to port.o(.emb_text) for vPortSetInterruptMask
    tasks.o(.text) refers to heap_1.o(.text) for pvPortMalloc
    tasks.o(.text) refers to memseta.o(.text) for __aeabi_memset
    tasks.o(.text) refers to strncpy.o(.text) for strncpy
    tasks.o(.text) refers to list.o(.text) for vListInitialiseItem
    tasks.o(.text) refers to port.o(.text) for pxPortInitialiseStack
    tasks.o(.text) refers to main.o(.text) for vApplicationTickHook
    tasks.o(.text) refers to tasks.o(.data) for .data
    tasks.o(.text) refers to tasks.o(.bss) for .bss
    tasks.o(.text) refers to timers.o(.text) for xTimerCreateTimerTask
    tasks.o(.text) refers to printf3.o(i.__0sprintf$3) for __2sprintf
    tasks.o(.text) refers to strcat.o(.text) for strcat
    timers.o(.text) refers to list.o(.text) for vListInsert
    timers.o(.text) refers to queue.o(.text) for xQueueGenericSendFromISR
    timers.o(.text) refers to tasks.o(.text) for xTaskGetSchedulerState
    timers.o(.text) refers to port.o(.text) for vPortEnterCritical
    timers.o(.text) refers to port.o(.emb_text) for vPortSetInterruptMask
    timers.o(.text) refers to heap_1.o(.text) for pvPortMalloc
    timers.o(.text) refers to timers.o(.data) for .data
    timers.o(.text) refers to timers.o(.bss) for .bss
    port.o(.emb_text) refers to tasks.o(.text) for vTaskSwitchContext
    port.o(.emb_text) refers to tasks.o(.data) for pxCurrentTCB
    port.o(.text) refers to port.o(.emb_text) for __asm___6_port_c_39a90d8d__prvEnableVFP
    port.o(.text) refers to tasks.o(.text) for vTaskIncrementTick
    port.o(.text) refers to system_stm32f4xx.o(.data) for SystemCoreClock
    port.o(.text) refers to port.o(.data) for .data
    heap_1.o(.text) refers to tasks.o(.text) for vTaskSuspendAll
    heap_1.o(.text) refers to main.o(.text) for vApplicationMallocFailedHook
    heap_1.o(.text) refers to heap_1.o(.data) for .data
    heap_1.o(.text) refers to heap_1.o(.bss) for .bss
    stm32f4xx_adc.o(.text) refers to stm32f4xx_rcc.o(.text) for RCC_APB2PeriphResetCmd
    stm32f4xx_can.o(.text) refers to stm32f4xx_rcc.o(.text) for RCC_APB1PeriphResetCmd
    stm32f4xx_cryp.o(.text) refers to stm32f4xx_rcc.o(.text) for RCC_AHB2PeriphResetCmd
    stm32f4xx_cryp_aes.o(.text) refers to stm32f4xx_cryp.o(.text) for CRYP_KeyStructInit
    stm32f4xx_cryp_des.o(.text) refers to stm32f4xx_cryp.o(.text) for CRYP_KeyStructInit
    stm32f4xx_cryp_tdes.o(.text) refers to stm32f4xx_cryp.o(.text) for CRYP_KeyStructInit
    stm32f4xx_dac.o(.text) refers to stm32f4xx_rcc.o(.text) for RCC_APB1PeriphResetCmd
    stm32f4xx_gpio.o(.text) refers to stm32f4xx_rcc.o(.text) for RCC_AHB1PeriphResetCmd
[...]
    Removing stm32f4xx_rng.o(.text), (140 bytes).
    Removing stm32f4xx_rtc.o(.emb_text), (8 bytes).
    Removing stm32f4xx_rtc.o(.text), (2584 bytes).
    Removing stm32f4xx_sdio.o(.emb_text), (8 bytes).
    Removing stm32f4xx_sdio.o(.text), (440 bytes).
    Removing stm32f4xx_spi.o(.emb_text), (8 bytes).
    Removing stm32f4xx_syscfg.o(.emb_text), (8 bytes).
    Removing stm32f4xx_tim.o(.emb_text), (8 bytes).
    Removing stm32f4xx_usart.o(.emb_text), (8 bytes).
    Removing stm32f4xx_wwdg.o(.emb_text), (8 bytes).
    Removing stm32f4xx_wwdg.o(.text), (124 bytes).
    Removing stm32f4_discovery_lis302dl.o(.emb_text), (8 bytes).
    Removing stm32f4xx_it.o(.emb_text), (8 bytes).
    Removing utils.o(.emb_text), (8 bytes).
    Removing system_stm32f4xx.o(.emb_text), (8 bytes).
    Removing startup_stm32f4xx.o(HEAP), (512 bytes).
    Removing stm32f4_discovery.o(.emb_text), (8 bytes).
    Removing stm32f4_discovery.o(.data), (4 bytes).
    Removing dadd.o(.text), (332 bytes).
    Removing dmul.o(.text), (224 bytes).
    Removing ddiv.o(.text), (222 bytes).
    Removing dfixul.o(.text), (48 bytes).
    Removing cdrcmple.o(.text), (40 bytes).
    Removing depilogue.o(.text), (190 bytes).

79 unused section(s) (total 16940 bytes) removed from the image.

==============================================================================

Image Symbol Table

    Local Symbols

    Symbol Name                              Value     Ov Type        Size  Object(Section)

    ../../microlib/division.c                0x00000000   Number         0  uldiv.o ABSOLUTE
    ../../microlib/division.c                0x00000000   Number         0  uidiv.o ABSOLUTE
    ../../microlib/fpadd.c                   0x00000000   Number         0  dadd.o ABSOLUTE
    ../../microlib/fpdiv.c                   0x00000000   Number         0  ddiv.o ABSOLUTE
    ../../microlib/fpepilogue.c              0x00000000   Number         0  depilogue.o ABSOLUTE
    ../../microlib/fpfix.c                   0x00000000   Number         0  dfixul.o ABSOLUTE
    ../../microlib/fpmul.c                   0x00000000   Number         0  dmul.o ABSOLUTE
    ../../microlib/init/entry.s              0x00000000   Number         0  entry8.o ABSOLUTE
    ../../microlib/init/entry.s              0x00000000   Number         0  entry5.o ABSOLUTE
    ../../microlib/init/entry.s              0x00000000   Number         0  entry.o ABSOLUTE
    ../../microlib/init/entry.s              0x00000000   Number         0  entry7b.o ABSOLUTE
    ../../microlib/init/entry.s              0x00000000   Number         0  entry7a.o ABSOLUTE
    ../../microlib/init/entry.s              0x00000000   Number         0  entry2.o ABSOLUTE
    ../../microlib/longlong.c                0x00000000   Number         0  llsshr.o ABSOLUTE
    ../../microlib/longlong.c                0x00000000   Number         0  llushr.o ABSOLUTE
    ../../microlib/longlong.c                0x00000000   Number         0  llshl.o ABSOLUTE
    ../../microlib/printf/printf.c           0x00000000   Number         0  printf6.o ABSOLUTE
    ../../microlib/printf/printf.c           0x00000000   Number         0  printf5.o ABSOLUTE
    ../../microlib/printf/printf.c           0x00000000   Number         0  printf3.o ABSOLUTE
    ../../microlib/printf/printf.c           0x00000000   Number         0  printf2.o ABSOLUTE
    ../../microlib/printf/printf.c           0x00000000   Number         0  printf1.o ABSOLUTE
    ../../microlib/printf/printf.c           0x00000000   Number         0  printf0.o ABSOLUTE
    ../../microlib/printf/printf.c           0x00000000   Number         0  printfb.o ABSOLUTE
    ../../microlib/printf/printf.c           0x00000000   Number         0  printf4.o ABSOLUTE
    ../../microlib/printf/printf.c           0x00000000   Number         0  printfa.o ABSOLUTE
    ../../microlib/printf/printf.c           0x00000000   Number         0  printf8.o ABSOLUTE
    ../../microlib/printf/printf.c           0x00000000   Number         0  printf7.o ABSOLUTE
    ../../microlib/printf/stubs.s            0x00000000   Number         0  stubs.o ABSOLUTE
    ../../microlib/stdio/fputc.c             0x00000000   Number         0  fputc.o ABSOLUTE
    ../../microlib/stdio/semi.s              0x00000000   Number         0  semi.o ABSOLUTE
    ../../microlib/stdio/streams.c           0x00000000   Number         0  stdout.o ABSOLUTE
    ../../microlib/string/memcpy.c           0x00000000   Number         0  memcpyb.o ABSOLUTE
    ../../microlib/string/memcpy.c           0x00000000   Number         0  memcpya.o ABSOLUTE
    ../../microlib/string/memset.c           0x00000000   Number         0  memseta.o ABSOLUTE
    ../../microlib/string/strcat.c           0x00000000   Number         0  strcat.o ABSOLUTE
    ../../microlib/string/strncpy.c          0x00000000   Number         0  strncpy.o ABSOLUTE
    ../../microlib/stubs.s                   0x00000000   Number         0  iusefp.o ABSOLUTE
    ../../microlib/stubs.s                   0x00000000   Number         0  iusesemip.o ABSOLUTE
    ..\Libraries\STM32F4xx_StdPeriph_Driver\src\misc.c 0x00000000   Number         0  misc.o ABSOLUTE
    ..\Libraries\STM32F4xx_StdPeriph_Driver\src\stm32f4_discovery.c 0x00000000   Number         0  stm32f4_discovery.o ABSOLUTE
    ..\Libraries\STM32F4xx_StdPeriph_Driver\src\stm32f4xx_adc.c 0x00000000   Number         0  stm32f4xx_adc.o ABSOLUTE
    ..\Libraries\STM32F4xx_StdPeriph_Driver\src\stm32f4xx_can.c 0x00000000   Number         0  stm32f4xx_can.o ABSOLUTE
    ..\Libraries\STM32F4xx_StdPeriph_Driver\src\stm32f4xx_crc.c 0x00000000   Number         0  stm32f4xx_crc.o ABSOLUTE
    ..\Libraries\STM32F4xx_StdPeriph_Driver\src\stm32f4xx_cryp.c 0x00000000   Number         0  stm32f4xx_cryp.o ABSOLUTE
    ..\Libraries\STM32F4xx_StdPeriph_Driver\src\stm32f4xx_cryp_aes.c 0x00000000   Number         0  stm32f4xx_cryp_aes.o ABSOLUTE
    ..\Libraries\STM32F4xx_StdPeriph_Driver\src\stm32f4xx_cryp_des.c 0x00000000   Number         0  stm32f4xx_cryp_des.o ABSOLUTE
    ..\Libraries\STM32F4xx_StdPeriph_Driver\src\stm32f4xx_cryp_tdes.c 0x00000000   Number         0  stm32f4xx_cryp_tdes.o ABSOLUTE
    ..\Libraries\STM32F4xx_StdPeriph_Driver\src\stm32f4xx_dac.c 0x00000000   Number         0  stm32f4xx_dac.o ABSOLUTE
    ..\Libraries\STM32F4xx_StdPeriph_Driver\src\stm32f4xx_dbgmcu.c 0x00000000   Number         0  stm32f4xx_dbgmcu.o ABSOLUTE
    ..\Libraries\STM32F4xx_StdPeriph_Driver\src\stm32f4xx_dcmi.c 0x00000000   Number         0  stm32f4xx_dcmi.o ABSOLUTE
    ..\Libraries\STM32F4xx_StdPeriph_Driver\src\stm32f4xx_dma.c 0x00000000   Number         0  stm32f4xx_dma.o ABSOLUTE
    ..\Libraries\STM32F4xx_StdPeriph_Driver\src\stm32f4xx_exti.c 0x00000000   Number         0  stm32f4xx_exti.o ABSOLUTE
    ..\Libraries\STM32F4xx_StdPeriph_Driver\src\stm32f4xx_flash.c 0x00000000   Number         0  stm32f4xx_flash.o ABSOLUTE
    ..\Libraries\STM32F4xx_StdPeriph_Driver\src\stm32f4xx_fsmc.c 0x00000000   Number         0  stm32f4xx_fsmc.o ABSOLUTE
    ..\Libraries\STM32F4xx_StdPeriph_Driver\src\stm32f4xx_gpio.c 0x00000000   Number         0  stm32f4xx_gpio.o ABSOLUTE
    ..\Libraries\STM32F4xx_StdPeriph_Driver\src\stm32f4xx_hash.c 0x00000000   Number         0  stm32f4xx_hash.o ABSOLUTE
    ..\Libraries\STM32F4xx_StdPeriph_Driver\src\stm32f4xx_hash_md5.c 0x00000000   Number         0  stm32f4xx_hash_md5.o ABSOLUTE
    ..\Libraries\STM32F4xx_StdPeriph_Driver\src\stm32f4xx_hash_sha1.c 0x00000000   Number         0  stm32f4xx_hash_sha1.o ABSOLUTE
    ..\Libraries\STM32F4xx_StdPeriph_Driver\src\stm32f4xx_i2c.c 0x00000000   Number         0  stm32f4xx_i2c.o ABSOLUTE
    ..\Libraries\STM32F4xx_StdPeriph_Driver\src\stm32f4xx_iwdg.c 0x00000000   Number         0  stm32f4xx_iwdg.o ABSOLUTE
    ..\Libraries\STM32F4xx_StdPeriph_Driver\src\stm32f4xx_pwr.c 0x00000000   Number         0  stm32f4xx_pwr.o ABSOLUTE
    ..\Libraries\STM32F4xx_StdPeriph_Driver\src\stm32f4xx_rcc.c 0x00000000   Number         0  stm32f4xx_rcc.o ABSOLUTE
    ..\Libraries\STM32F4xx_StdPeriph_Driver\src\stm32f4xx_rng.c 0x00000000   Number         0  stm32f4xx_rng.o ABSOLUTE
    ..\Libraries\STM32F4xx_StdPeriph_Driver\src\stm32f4xx_rtc.c 0x00000000   Number         0  stm32f4xx_rtc.o ABSOLUTE
    ..\Libraries\STM32F4xx_StdPeriph_Driver\src\stm32f4xx_sdio.c 0x00000000   Number         0  stm32f4xx_sdio.o ABSOLUTE
    ..\Libraries\STM32F4xx_StdPeriph_Driver\src\stm32f4xx_spi.c 0x00000000   Number         0  stm32f4xx_spi.o ABSOLUTE
    ..\Libraries\STM32F4xx_StdPeriph_Driver\src\stm32f4xx_syscfg.c 0x00000000   Number         0  stm32f4xx_syscfg.o ABSOLUTE
    ..\Libraries\STM32F4xx_StdPeriph_Driver\src\stm32f4xx_tim.c 0x00000000   Number         0  stm32f4xx_tim.o ABSOLUTE
    ..\Libraries\STM32F4xx_StdPeriph_Driver\src\stm32f4xx_usart.c 0x00000000   Number         0  stm32f4xx_usart.o ABSOLUTE
    ..\Libraries\STM32F4xx_StdPeriph_Driver\src\stm32f4xx_wwdg.c 0x00000000   Number         0  stm32f4xx_wwdg.o ABSOLUTE
    ..\\Libraries\\STM32F4xx_StdPeriph_Driver\\src\\misc.c 0x00000000   Number         0  misc.o ABSOLUTE
    ..\\Libraries\\STM32F4xx_StdPeriph_Driver\\src\\stm32f4_discovery.c 0x00000000   Number         0  stm32f4_discovery.o ABSOLUTE
    ..\\Libraries\\STM32F4xx_StdPeriph_Driver\\src\\stm32f4xx_adc.c 0x00000000   Number         0  stm32f4xx_adc.o ABSOLUTE
    ..\\Libraries\\STM32F4xx_StdPeriph_Driver\\src\\stm32f4xx_can.c 0x00000000   Number         0  stm32f4xx_can.o ABSOLUTE
    ..\\Libraries\\STM32F4xx_StdPeriph_Driver\\src\\stm32f4xx_crc.c 0x00000000   Number         0  stm32f4xx_crc.o ABSOLUTE
    ..\\Libraries\\STM32F4xx_StdPeriph_Driver\\src\\stm32f4xx_cryp.c 0x00000000   Number         0  stm32f4xx_cryp.o ABSOLUTE
    ..\\Libraries\\STM32F4xx_StdPeriph_Driver\\src\\stm32f4xx_cryp_aes.c 0x00000000   Number         0  stm32f4xx_cryp_aes.o ABSOLUTE
    ..\\Libraries\\STM32F4xx_StdPeriph_Driver\\src\\stm32f4xx_cryp_des.c 0x00000000   Number         0  stm32f4xx_cryp_des.o ABSOLUTE
    ..\\Libraries\\STM32F4xx_StdPeriph_Driver\\src\\stm32f4xx_cryp_tdes.c 0x00000000   Number         0  stm32f4xx_cryp_tdes.o ABSOLUTE
    ..\\Libraries\\STM32F4xx_StdPeriph_Driver\\src\\stm32f4xx_dac.c 0x00000000   Number         0  stm32f4xx_dac.o ABSOLUTE
    ..\\Libraries\\STM32F4xx_StdPeriph_Driver\\src\\stm32f4xx_dbgmcu.c 0x00000000   Number         0  stm32f4xx_dbgmcu.o ABSOLUTE
    ..\\Libraries\\STM32F4xx_StdPeriph_Driver\\src\\stm32f4xx_dcmi.c 0x00000000   Number         0  stm32f4xx_dcmi.o ABSOLUTE
    ..\\Libraries\\STM32F4xx_StdPeriph_Driver\\src\\stm32f4xx_dma.c 0x00000000   Number         0  stm32f4xx_dma.o ABSOLUTE
    ..\\Libraries\\STM32F4xx_StdPeriph_Driver\\src\\stm32f4xx_exti.c 0x00000000   Number         0  stm32f4xx_exti.o ABSOLUTE
    ..\\Libraries\\STM32F4xx_StdPeriph_Driver\\src\\stm32f4xx_flash.c 0x00000000   Number         0  stm32f4xx_flash.o ABSOLUTE
    ..\\Libraries\\STM32F4xx_StdPeriph_Driver\\src\\stm32f4xx_fsmc.c 0x00000000   Number         0  stm32f4xx_fsmc.o ABSOLUTE
    ..\\Libraries\\STM32F4xx_StdPeriph_Driver\\src\\stm32f4xx_gpio.c 0x00000000   Number         0  stm32f4xx_gpio.o ABSOLUTE
    ..\\Libraries\\STM32F4xx_StdPeriph_Driver\\src\\stm32f4xx_hash.c 0x00000000   Number         0  stm32f4xx_hash.o ABSOLUTE
    ..\\Libraries\\STM32F4xx_StdPeriph_Driver\\src\\stm32f4xx_hash_md5.c 0x00000000   Number         0  stm32f4xx_hash_md5.o ABSOLUTE
    ..\\Libraries\\STM32F4xx_StdPeriph_Driver\\src\\stm32f4xx_hash_sha1.c 0x00000000   Number         0  stm32f4xx_hash_sha1.o ABSOLUTE
    ..\\Libraries\\STM32F4xx_StdPeriph_Driver\\src\\stm32f4xx_i2c.c 0x00000000   Number         0  stm32f4xx_i2c.o ABSOLUTE
    ..\\Libraries\\STM32F4xx_StdPeriph_Driver\\src\\stm32f4xx_iwdg.c 0x00000000   Number         0  stm32f4xx_iwdg.o ABSOLUTE
    ..\\Libraries\\STM32F4xx_StdPeriph_Driver\\src\\stm32f4xx_pwr.c 0x00000000   Number         0  stm32f4xx_pwr.o ABSOLUTE
    ..\\Libraries\\STM32F4xx_StdPeriph_Driver\\src\\stm32f4xx_rcc.c 0x00000000   Number         0  stm32f4xx_rcc.o ABSOLUTE
    ..\\Libraries\\STM32F4xx_StdPeriph_Driver\\src\\stm32f4xx_rng.c 0x00000000   Number         0  stm32f4xx_rng.o ABSOLUTE
    ..\\Libraries\\STM32F4xx_StdPeriph_Driver\\src\\stm32f4xx_rtc.c 0x00000000   Number         0  stm32f4xx_rtc.o ABSOLUTE
    ..\\Libraries\\STM32F4xx_StdPeriph_Driver\\src\\stm32f4xx_sdio.c 0x00000000   Number         0  stm32f4xx_sdio.o ABSOLUTE
    ..\\Libraries\\STM32F4xx_StdPeriph_Driver\\src\\stm32f4xx_spi.c 0x00000000   Number         0  stm32f4xx_spi.o ABSOLUTE
    ..\\Libraries\\STM32F4xx_StdPeriph_Driver\\src\\stm32f4xx_syscfg.c 0x00000000   Number         0  stm32f4xx_syscfg.o ABSOLUTE
    ..\\Libraries\\STM32F4xx_StdPeriph_Driver\\src\\stm32f4xx_tim.c 0x00000000   Number         0  stm32f4xx_tim.o ABSOLUTE
    ..\\Libraries\\STM32F4xx_StdPeriph_Driver\\src\\stm32f4xx_usart.c 0x00000000   Number         0  stm32f4xx_usart.o ABSOLUTE
    ..\\Libraries\\STM32F4xx_StdPeriph_Driver\\src\\stm32f4xx_wwdg.c 0x00000000   Number         0  stm32f4xx_wwdg.o ABSOLUTE
    ..\\src\\FreeRTOS\\croutine.c            0x00000000   Number         0  croutine.o ABSOLUTE
    ..\\src\\FreeRTOS\\list.c                0x00000000   Number         0  list.o ABSOLUTE
    ..\\src\\FreeRTOS\\portable\\MemMang\\heap_1.c 0x00000000   Number         0  heap_1.o ABSOLUTE
    ..\\src\\FreeRTOS\\portable\\keil\\ARM_CM4F\\port.c 0x00000000   Number         0  port.o ABSOLUTE
    ..\\src\\FreeRTOS\\queue.c               0x00000000   Number         0  queue.o ABSOLUTE
    ..\\src\\FreeRTOS\\tasks.c               0x00000000   Number         0  tasks.o ABSOLUTE
    ..\\src\\FreeRTOS\\timers.c              0x00000000   Number         0  timers.o ABSOLUTE
    ..\\src\\debug.c                         0x00000000   Number         0  debug.o ABSOLUTE
    ..\\src\\main.c                          0x00000000   Number         0  main.o ABSOLUTE
    ..\\src\\mems.c                          0x00000000   Number         0  mems.o ABSOLUTE
    ..\\src\\stm32f4_discovery_lis302dl.c    0x00000000   Number         0  stm32f4_discovery_lis302dl.o ABSOLUTE
    ..\\src\\stm32f4xx_it.c                  0x00000000   Number         0  stm32f4xx_it.o ABSOLUTE
    ..\\src\\system_stm32f4xx.c              0x00000000   Number         0  system_stm32f4xx.o ABSOLUTE
    ..\\src\\utils.c                         0x00000000   Number         0  utils.o ABSOLUTE
    ..\src\FreeRTOS\croutine.c               0x00000000   Number         0  croutine.o ABSOLUTE
    ..\src\FreeRTOS\list.c                   0x00000000   Number         0  list.o ABSOLUTE
    ..\src\FreeRTOS\portable\MemMang\heap_1.c 0x00000000   Number         0  heap_1.o ABSOLUTE
    ..\src\FreeRTOS\portable\keil\ARM_CM4F\port.c 0x00000000   Number         0  port.o ABSOLUTE
    ..\src\FreeRTOS\queue.c                  0x00000000   Number         0  queue.o ABSOLUTE
    ..\src\FreeRTOS\tasks.c                  0x00000000   Number         0  tasks.o ABSOLUTE
    ..\src\FreeRTOS\timers.c                 0x00000000   Number         0  timers.o ABSOLUTE
    ..\src\debug.c                           0x00000000   Number         0  debug.o ABSOLUTE
    ..\src\main.c                            0x00000000   Number         0  main.o ABSOLUTE
    ..\src\mems.c                            0x00000000   Number         0  mems.o ABSOLUTE
    ..\src\stm32f4_discovery_lis302dl.c      0x00000000   Number         0  stm32f4_discovery_lis302dl.o ABSOLUTE
    ..\src\stm32f4xx_it.c                    0x00000000   Number         0  stm32f4xx_it.o ABSOLUTE
    ..\src\system_stm32f4xx.c                0x00000000   Number         0  system_stm32f4xx.o ABSOLUTE
    ..\src\utils.c                           0x00000000   Number         0  utils.o ABSOLUTE
    cdrcmple.s                               0x00000000   Number         0  cdrcmple.o ABSOLUTE
    dc.s                                     0x00000000   Number         0  dc.o ABSOLUTE
    handlers.s                               0x00000000   Number         0  handlers.o ABSOLUTE
    init.s                                   0x00000000   Number         0  init.o ABSOLUTE
    startup_stm32f4xx.s                      0x00000000   Number         0  startup_stm32f4xx.o ABSOLUTE
    RESET                                    0x08000000   Section      392  startup_stm32f4xx.o(RESET)
    .ARM.Collect$$$$00000000                 0x08000188   Section        0  entry.o(.ARM.Collect$$$$00000000)
    .ARM.Collect$$$$00000001                 0x08000188   Section        4  entry2.o(.ARM.Collect$$$$00000001)
    .ARM.Collect$$$$00000004                 0x0800018c   Section        4  entry5.o(.ARM.Collect$$$$00000004)
    .ARM.Collect$$$$00000008                 0x08000190   Section        0  entry7b.o(.ARM.Collect$$$$00000008)
    .ARM.Collect$$$$00000009                 0x08000190   Section        8  entry8.o(.ARM.Collect$$$$00000009)
    .ARM.Collect$$$$00002712                 0x08000198   Section        4  entry2.o(.ARM.Collect$$$$00002712)
    __lit__00000000                          0x08000198   Data           4  entry2.o(.ARM.Collect$$$$00002712)
    .emb_text                                0x0800019c   Section      176  port.o(.emb_text)
    $v0                                      0x0800019c   Number         0  port.o(.emb_text)
    .text                                    0x0800024c   Section        0  debug.o(.text)
    .text                                    0x08000740   Section        0  main.o(.text)
    .text                                    0x08000844   Section        0  mems.o(.text)
    .text                                    0x08000a44   Section        0  list.o(.text)
    .text                                    0x08000ad0   Section        0  queue.o(.text)
    prvUnlockQueue                           0x08000b3b   Thumb Code   100  queue.o(.text)
    prvCopyDataToQueue                       0x08000b9f   Thumb Code    90  queue.o(.text)
    prvCopyDataFromQueue                     0x08000d65   Thumb Code    42  queue.o(.text)
    .text                                    0x080010dc   Section        0  tasks.o(.text)
    prvAddCurrentTaskToDelayedList           0x0800140b   Thumb Code    48  tasks.o(.text)
    prvIdleTask                              0x08001727   Thumb Code    22  tasks.o(.text)
    prvListTaskWithinSingleList              0x080017bf   Thumb Code   114  tasks.o(.text)
    prvCheckTasksWaitingTermination          0x08001ae5   Thumb Code    80  tasks.o(.text)
    .text                                    0x08001b3c   Section        0  timers.o(.text)
    prvInsertTimerInActiveList               0x08001b3d   Thumb Code    52  timers.o(.text)
    prvSampleTimeNow                         0x08001bb3   Thumb Code    36  timers.o(.text)
    prvTimerTask                             0x08001bd7   Thumb Code    30  timers.o(.text)
    prvCheckForValidListAndQueue             0x08001bf5   Thumb Code    54  timers.o(.text)
    prvSwitchTimerLists                      0x08001cc5   Thumb Code    94  timers.o(.text)
    prvProcessReceivedCommands               0x08001d23   Thumb Code   160  timers.o(.text)
    prvProcessTimerOrBlockTask               0x08001dc3   Thumb Code   136  timers.o(.text)
    .text                                    0x08001e60   Section        0  port.o(.text)
    .text                                    0x08001f28   Section        0  heap_1.o(.text)
    .text                                    0x08001f88   Section        0  misc.o(.text)
    .text                                    0x08002038   Section        0  stm32f4xx_exti.o(.text)
    .text                                    0x08002124   Section        0  stm32f4xx_gpio.o(.text)
    .text                                    0x0800230c   Section        0  stm32f4xx_pwr.o(.text)
    .text                                    0x080023d0   Section        0  stm32f4xx_rcc.o(.text)
    .text                                    0x080027a8   Section        0  stm32f4xx_spi.o(.text)
    .text                                    0x08002a94   Section        0  stm32f4xx_syscfg.o(.text)
    .text                                    0x08002b00   Section        0  stm32f4xx_tim.o(.text)
    TI2_Config                               0x080030e5   Thumb Code    46  stm32f4xx_tim.o(.text)
    TI1_Config                               0x08003429   Thumb Code    44  stm32f4xx_tim.o(.text)
    .text                                    0x08003454   Section        0  stm32f4xx_usart.o(.text)
    .text                                    0x08003798   Section        0  stm32f4_discovery_lis302dl.o(.text)
    LIS302DL_SendByte                        0x08003799   Thumb Code    90  stm32f4_discovery_lis302dl.o(.text)
    LIS302DL_LowLevel_Init                   0x08003833   Thumb Code   276  stm32f4_discovery_lis302dl.o(.text)
    .text                                    0x08003b30   Section        0  stm32f4xx_it.o(.text)
    .text                                    0x08003b54   Section        0  utils.o(.text)
    .text                                    0x08003e90   Section        0  system_stm32f4xx.o(.text)
    SetSysClock                              0x08003f3f   Thumb Code   140  system_stm32f4xx.o(.text)
    .text                                    0x08003ff0   Section       52  startup_stm32f4xx.o(.text)
    $v0                                      0x08003ff0   Number         0  startup_stm32f4xx.o(.text)
    .text                                    0x08004024   Section        0  stm32f4_discovery.o(.text)
    .text                                    0x0800414c   Section        0  memcpya.o(.text)
    .text                                    0x08004170   Section        0  memseta.o(.text)
    .text                                    0x08004196   Section        0  strcat.o(.text)
    .text                                    0x080041b2   Section        0  strncpy.o(.text)
    .text                                    0x080041ca   Section        0  uidiv.o(.text)
    .text                                    0x080041f8   Section       36  init.o(.text)
    i.__0sprintf$3                           0x0800421c   Section        0  printf3.o(i.__0sprintf$3)
    i.__scatterload_copy                     0x08004244   Section       14  handlers.o(i.__scatterload_copy)
    i.__scatterload_null                     0x08004252   Section        2  handlers.o(i.__scatterload_null)
    i.__scatterload_zeroinit                 0x08004254   Section       14  handlers.o(i.__scatterload_zeroinit)
    i._printf_core                           0x08004264   Section        0  printf3.o(i._printf_core)
    _printf_core                             0x08004265   Thumb Code   432  printf3.o(i._printf_core)
    i._sputc                                 0x08004418   Section        0  printf3.o(i._sputc)
    _sputc                                   0x08004419   Thumb Code    10  printf3.o(i._sputc)
    .constdata                               0x08004422   Section      202  utils.o(.constdata)
    .constdata                               0x080044ec   Section       36  stm32f4_discovery.o(.constdata)
    .data                                    0x20000000   Section        4  debug.o(.data)
    .data                                    0x20000008   Section       40  main.o(.data)
    .data                                    0x20000030   Section       13  mems.o(.data)
    .data                                    0x20000040   Section       60  tasks.o(.data)
    uxTasksDeleted                           0x20000044   Data           4  tasks.o(.data)
    uxCurrentNumberOfTasks                   0x20000048   Data           4  tasks.o(.data)
    xTickCount                               0x2000004c   Data           4  tasks.o(.data)
    uxTopUsedPriority                        0x20000050   Data           4  tasks.o(.data)
    uxTopReadyPriority                       0x20000054   Data           4  tasks.o(.data)
    xSchedulerRunning                        0x20000058   Data           4  tasks.o(.data)
    uxSchedulerSuspended                     0x2000005c   Data           4  tasks.o(.data)
    uxMissedTicks                            0x20000060   Data           4  tasks.o(.data)
    xMissedYield                             0x20000064   Data           4  tasks.o(.data)
    xNumOfOverflows                          0x20000068   Data           4  tasks.o(.data)
    uxTCBNumber                              0x2000006c   Data           4  tasks.o(.data)
    xNextTaskUnblockTime                     0x20000070   Data           4  tasks.o(.data)
    pxDelayedTaskList                        0x20000074   Data           4  tasks.o(.data)
    pxOverflowDelayedTaskList                0x20000078   Data           4  tasks.o(.data)
    .data                                    0x2000007c   Section       16  timers.o(.data)
    xTimerQueue                              0x2000007c   Data           4  timers.o(.data)
    xLastTime                                0x20000080   Data           4  timers.o(.data)
    pxCurrentTimerList                       0x20000084   Data           4  timers.o(.data)
    pxOverflowTimerList                      0x20000088   Data           4  timers.o(.data)
    .data                                    0x2000008c   Section        4  port.o(.data)
    uxCriticalNesting                        0x2000008c   Data           4  port.o(.data)
    .data                                    0x20000090   Section        4  heap_1.o(.data)
    xNextFreeByte                            0x20000090   Data           4  heap_1.o(.data)
    .data                                    0x20000094   Section       16  stm32f4xx_rcc.o(.data)
    APBAHBPrescTable                         0x20000094   Data          16  stm32f4xx_rcc.o(.data)
    .data                                    0x200000a4   Section        4  stm32f4_discovery_lis302dl.o(.data)
    .data                                    0x200000a8   Section        2  stm32f4xx_it.o(.data)
    .data                                    0x200000aa   Section       10  utils.o(.data)
    .data                                    0x200000b4   Section       20  system_stm32f4xx.o(.data)
    .data                                    0x200000c8   Section       20  stm32f4_discovery.o(.data)
    .bss                                     0x200000dc   Section       64  queue.o(.bss)
    .bss                                     0x2000011c   Section      252  tasks.o(.bss)
    pcStatusString                           0x2000011c   Data          50  tasks.o(.bss)
    pxReadyTasksLists                        0x20000150   Data         100  tasks.o(.bss)
    xDelayedTaskList1                        0x200001b4   Data          20  tasks.o(.bss)
    xDelayedTaskList2                        0x200001c8   Data          20  tasks.o(.bss)
    xPendingReadyList                        0x200001dc   Data          20  tasks.o(.bss)
    xTasksWaitingTermination                 0x200001f0   Data          20  tasks.o(.bss)
    xSuspendedTaskList                       0x20000204   Data          20  tasks.o(.bss)
    .bss                                     0x20000218   Section       40  timers.o(.bss)
    xActiveTimerList1                        0x20000218   Data          20  timers.o(.bss)
    xActiveTimerList2                        0x2000022c   Data          20  timers.o(.bss)
    .bss                                     0x20000240   Section     5120  heap_1.o(.bss)
    xHeap                                    0x20000240   Data        5120  heap_1.o(.bss)
    .bss                                     0x20001640   Section       32  utils.o(.bss)
    STACK                                    0x20001660   Section     1024  startup_stm32f4xx.o(STACK)

    Global Symbols

    Symbol Name                              Value     Ov Type        Size  Object(Section)

    BuildAttributes$$THM_ISAv4$E$P$D$K$B$S$7EM$VFPi3$EXTD16$VFPS$VFMA$PE$A:L22UL41UL21$X:L11$S22US41US21$IEEE1$IW$USESV6$~STKCKD$USESV7$~SHL$OSPACE$ROPI$EBA8$MICROLIB$REQ8$PRES8$EABIv2 0x00000000   Number         0  anon$$obj.o ABSOLUTE
    __ARM_use_no_argv                        0x00000000   Number         0  main.o ABSOLUTE
    _printf_a                                0x00000000   Number         0  stubs.o ABSOLUTE
    _printf_c                                0x00000000   Number         0  stubs.o ABSOLUTE
    _printf_charcount                        0x00000000   Number         0  stubs.o ABSOLUTE
    _printf_d                                0x00000000   Number         0  stubs.o ABSOLUTE
    _printf_e                                0x00000000   Number         0  stubs.o ABSOLUTE
    _printf_f                                0x00000000   Number         0  stubs.o ABSOLUTE
    _printf_flags                            0x00000000   Number         0  stubs.o ABSOLUTE
    _printf_fp_dec                           0x00000000   Number         0  stubs.o ABSOLUTE
    _printf_fp_hex                           0x00000000   Number         0  stubs.o ABSOLUTE
    _printf_g                                0x00000000   Number         0  stubs.o ABSOLUTE
    _printf_i                                0x00000000   Number         0  stubs.o ABSOLUTE
    _printf_int_dec                          0x00000000   Number         0  stubs.o ABSOLUTE
    _printf_l                                0x00000000   Number         0  stubs.o ABSOLUTE
    _printf_lc                               0x00000000   Number         0  stubs.o ABSOLUTE
    _printf_ll                               0x00000000   Number         0  stubs.o ABSOLUTE
    _printf_lld                              0x00000000   Number         0  stubs.o ABSOLUTE
    _printf_lli                              0x00000000   Number         0  stubs.o ABSOLUTE
    _printf_llo                              0x00000000   Number         0  stubs.o ABSOLUTE
    _printf_llu                              0x00000000   Number         0  stubs.o ABSOLUTE
    _printf_llx                              0x00000000   Number         0  stubs.o ABSOLUTE
    _printf_longlong_dec                     0x00000000   Number         0  stubs.o ABSOLUTE
    _printf_longlong_hex                     0x00000000   Number         0  stubs.o ABSOLUTE
    _printf_longlong_oct                     0x00000000   Number         0  stubs.o ABSOLUTE
    _printf_ls                               0x00000000   Number         0  stubs.o ABSOLUTE
    _printf_mbtowc                           0x00000000   Number         0  stubs.o ABSOLUTE
    _printf_n                                0x00000000   Number         0  stubs.o ABSOLUTE
    _printf_o                                0x00000000   Number         0  stubs.o ABSOLUTE
    _printf_p                                0x00000000   Number         0  stubs.o ABSOLUTE
    _printf_percent                          0x00000000   Number         0  stubs.o ABSOLUTE
    _printf_pre_padding                      0x00000000   Number         0  stubs.o ABSOLUTE
    _printf_return_value                     0x00000000   Number         0  stubs.o ABSOLUTE
    _printf_s                                0x00000000   Number         0  stubs.o ABSOLUTE
    _printf_sizespec                         0x00000000   Number         0  stubs.o ABSOLUTE
    _printf_str                              0x00000000   Number         0  stubs.o ABSOLUTE
    _printf_truncate_signed                  0x00000000   Number         0  stubs.o ABSOLUTE
    _printf_truncate_unsigned                0x00000000   Number         0  stubs.o ABSOLUTE
    _printf_u                                0x00000000   Number         0  stubs.o ABSOLUTE
    _printf_wc                               0x00000000   Number         0  stubs.o ABSOLUTE
    _printf_wctomb                           0x00000000   Number         0  stubs.o ABSOLUTE
    _printf_widthprec                        0x00000000   Number         0  stubs.o ABSOLUTE
    _printf_x                                0x00000000   Number         0  stubs.o ABSOLUTE
    __decompress                              - Undefined Weak Reference
    _clock_init                               - Undefined Weak Reference
    __Vectors_Size                           0x00000188   Number         0  startup_stm32f4xx.o ABSOLUTE
    __Vectors                                0x08000000   Data           4  startup_stm32f4xx.o(RESET)
    __Vectors_End                            0x08000188   Data           0  startup_stm32f4xx.o(RESET)
    __main                                   0x08000189   Thumb Code     0  entry.o(.ARM.Collect$$$$00000000)
    _main_stk                                0x08000189   Thumb Code     0  entry2.o(.ARM.Collect$$$$00000001)
    _main_scatterload                        0x0800018d   Thumb Code     0  entry5.o(.ARM.Collect$$$$00000004)
    __main_after_scatterload                 0x08000191   Thumb Code     0  entry5.o(.ARM.Collect$$$$00000004)
    _main_clock                              0x08000191   Thumb Code     0  entry7b.o(.ARM.Collect$$$$00000008)
    _main_init                               0x08000191   Thumb Code     0  entry8.o(.ARM.Collect$$$$00000009)
    __asm___6_port_c_39a90d8d____REV16       0x0800019d   Thumb Code     4  port.o(.emb_text)
    __asm___6_port_c_39a90d8d____REVSH       0x080001a1   Thumb Code     4  port.o(.emb_text)
    SVC_Handler                              0x080001a5   Thumb Code    24  port.o(.emb_text)
    __asm___6_port_c_39a90d8d__prvStartFirstTask 0x080001c1   Thumb Code    16  port.o(.emb_text)
    __asm___6_port_c_39a90d8d__prvEnableVFP  0x080001d5   Thumb Code    16  port.o(.emb_text)
    PendSV_Handler                           0x080001e9   Thumb Code    76  port.o(.emb_text)
    vPortSetInterruptMask                    0x08000239   Thumb Code    10  port.o(.emb_text)
    vPortClearInterruptMask                  0x08000243   Thumb Code    10  port.o(.emb_text)
    vDebugInitQueue                          0x0800024d   Thumb Code    18  debug.o(.text)
    vDebugString                             0x0800025f   Thumb Code    42  debug.o(.text)
    vNum2String                              0x08000289   Thumb Code    68  debug.o(.text)
    vDebugPrintf                             0x080002cd   Thumb Code   266  debug.o(.text)
    vDebugTask                               0x080003d7   Thumb Code   158  debug.o(.text)
    vDebugPrintResetType                     0x08000475   Thumb Code   178  debug.o(.text)
    vTimeTask                                0x08000741   Thumb Code    44  main.o(.text)
    main                                     0x0800076d   Thumb Code   106  main.o(.text)
    vApplicationTickHook                     0x080007d7   Thumb Code    18  main.o(.text)
    vApplicationIdleHook                     0x080007e9   Thumb Code    18  main.o(.text)
    vApplicationMallocFailedHook             0x080007fb   Thumb Code     6  main.o(.text)
    vMemsTask                                0x08000845   Thumb Code   474  mems.o(.text)
    vSetMemsDump                             0x08000a1f   Thumb Code     8  mems.o(.text)
    LIS302DL_TIMEOUT_UserCallback            0x08000a27   Thumb Code     6  mems.o(.text)
    vListInitialise                          0x08000a45   Thumb Code    22  list.o(.text)
    vListInitialiseItem                      0x08000a5b   Thumb Code     6  list.o(.text)
    vListInsertEnd                           0x08000a61   Thumb Code    28  list.o(.text)
    vListInsert                              0x08000a7d   Thumb Code    48  list.o(.text)
    vListRemove                              0x08000aad   Thumb Code    36  list.o(.text)
    xQueueGenericCreate                      0x08000ad1   Thumb Code   106  queue.o(.text)
    xQueueGenericSend                        0x08000bf9   Thumb Code   232  queue.o(.text)
    xQueueCreateMutex                        0x08000ce1   Thumb Code    80  queue.o(.text)
    xQueueGiveMutexRecursive                 0x08000d31   Thumb Code    52  queue.o(.text)
    xQueueGenericReceive                     0x08000d8f   Thumb Code   286  queue.o(.text)
    xQueueTakeMutexRecursive                 0x08000ead   Thumb Code    58  queue.o(.text)
    xQueueCreateCountingSemaphore            0x08000ee7   Thumb Code    24  queue.o(.text)
    xQueueGenericSendFromISR                 0x08000eff   Thumb Code   112  queue.o(.text)
    xQueueReceiveFromISR                     0x08000f6f   Thumb Code   108  queue.o(.text)
    uxQueueMessagesWaiting                   0x08000fdb   Thumb Code    26  queue.o(.text)
    uxQueueMessagesWaitingFromISR            0x08000ff5   Thumb Code    14  queue.o(.text)
    vQueueDelete                             0x08001003   Thumb Code    56  queue.o(.text)
    ucQueueGetQueueNumber                    0x0800103b   Thumb Code     6  queue.o(.text)
    vQueueSetQueueNumber                     0x08001041   Thumb Code     6  queue.o(.text)
    ucQueueGetQueueType                      0x08001047   Thumb Code     6  queue.o(.text)
    xQueueIsQueueEmptyFromISR                0x0800104d   Thumb Code    22  queue.o(.text)
    xQueueIsQueueFullFromISR                 0x08001063   Thumb Code    26  queue.o(.text)
    vQueueAddToRegistry                      0x0800107d   Thumb Code    34  queue.o(.text)
    vQueueWaitForMessageRestricted           0x0800109f   Thumb Code    56  queue.o(.text)
    xTaskGenericCreate                       0x080010dd   Thumb Code   366  tasks.o(.text)
    vTaskDelete                              0x0800124b   Thumb Code    92  tasks.o(.text)
    vTaskIncrementTick                       0x080012a7   Thumb Code   180  tasks.o(.text)
    xTaskResumeAll                           0x0800135b   Thumb Code   176  tasks.o(.text)
    vTaskSuspendAll                          0x0800143b   Thumb Code    10  tasks.o(.text)
    vTaskDelayUntil                          0x08001445   Thumb Code    92  tasks.o(.text)
    vTaskDelay                               0x080014a1   Thumb Code    48  tasks.o(.text)
    uxTaskPriorityGet                        0x080014d1   Thumb Code    24  tasks.o(.text)
    vTaskPrioritySet                         0x080014e9   Thumb Code   160  tasks.o(.text)
    vTaskSwitchContext                       0x08001589   Thumb Code    78  tasks.o(.text)
    vTaskSuspend                             0x080015d7   Thumb Code   100  tasks.o(.text)
    xTaskIsTaskSuspended                     0x0800163b   Thumb Code    42  tasks.o(.text)
    vTaskResume                              0x08001665   Thumb Code    92  tasks.o(.text)
    xTaskResumeFromISR                       0x080016c1   Thumb Code   102  tasks.o(.text)
    vTaskStartScheduler                      0x0800173d   Thumb Code    68  tasks.o(.text)
    vTaskEndScheduler                        0x08001781   Thumb Code    20  tasks.o(.text)
    xTaskGetTickCount                        0x08001795   Thumb Code    18  tasks.o(.text)
    xTaskGetTickCountFromISR                 0x080017a7   Thumb Code    18  tasks.o(.text)
    uxTaskGetNumberOfTasks                   0x080017b9   Thumb Code     6  tasks.o(.text)
    vTaskList                                0x08001831   Thumb Code   136  tasks.o(.text)
    vTaskPlaceOnEventList                    0x080018b9   Thumb Code    60  tasks.o(.text)
    vTaskPlaceOnEventListRestricted          0x080018f5   Thumb Code    40  tasks.o(.text)
    xTaskRemoveFromEventList                 0x0800191d   Thumb Code   132  tasks.o(.text)
    vTaskSetTimeOutState                     0x080019a1   Thumb Code    22  tasks.o(.text)
    xTaskCheckForTimeOut                     0x080019b7   Thumb Code    88  tasks.o(.text)
    vTaskMissedYield                         0x08001a0f   Thumb Code     8  tasks.o(.text)
    uxTaskGetTaskNumber                      0x08001a17   Thumb Code     8  tasks.o(.text)
    vTaskSetTaskNumber                       0x08001a1f   Thumb Code     8  tasks.o(.text)
    xTaskGetCurrentTaskHandle                0x08001a27   Thumb Code     6  tasks.o(.text)
    xTaskGetSchedulerState                   0x08001a2d   Thumb Code    22  tasks.o(.text)
    vTaskPriorityInherit                     0x08001a43   Thumb Code    98  tasks.o(.text)
    vTaskPriorityDisinherit                  0x08001aa5   Thumb Code    64  tasks.o(.text)
    xTimerGenericCommand                     0x08001b71   Thumb Code    66  timers.o(.text)
    xTimerCreateTimerTask                    0x08001c2b   Thumb Code    52  timers.o(.text)
    xTimerCreate                             0x08001c5f   Thumb Code    72  timers.o(.text)
    xTimerIsTimerActive                      0x08001ca7   Thumb Code    26  timers.o(.text)
    pvTimerGetTimerID                        0x08001cc1   Thumb Code     4  timers.o(.text)
    pxPortInitialiseStack                    0x08001e61   Thumb Code    38  port.o(.text)
    xPortStartScheduler                      0x08001e87   Thumb Code    72  port.o(.text)
    vPortEndScheduler                        0x08001ecf   Thumb Code     2  port.o(.text)
    vPortYieldFromISR                        0x08001ed1   Thumb Code    12  port.o(.text)
    vPortEnterCritical                       0x08001edd   Thumb Code    16  port.o(.text)
    vPortExitCritical                        0x08001eed   Thumb Code    16  port.o(.text)
    SysTick_Handler                          0x08001efd   Thumb Code    28  port.o(.text)
    pvPortMalloc                             0x08001f29   Thumb Code    66  heap_1.o(.text)
    vPortFree                                0x08001f6b   Thumb Code     2  heap_1.o(.text)
    vPortInitialiseBlocks                    0x08001f6d   Thumb Code     8  heap_1.o(.text)
    xPortGetFreeHeapSize                     0x08001f75   Thumb Code    10  heap_1.o(.text)
    NVIC_PriorityGroupConfig                 0x08001f89   Thumb Code    10  misc.o(.text)
    NVIC_Init                                0x08001f93   Thumb Code    92  misc.o(.text)
    NVIC_SetVectorTable                      0x08001fef   Thumb Code    14  misc.o(.text)
    NVIC_SystemLPConfig                      0x08001ffd   Thumb Code    20  misc.o(.text)
    SysTick_CLKSourceConfig                  0x08002011   Thumb Code    24  misc.o(.text)
    EXTI_DeInit                              0x08002039   Thumb Code    28  stm32f4xx_exti.o(.text)
    EXTI_Init                                0x08002055   Thumb Code   112  stm32f4xx_exti.o(.text)
    EXTI_StructInit                          0x080020c5   Thumb Code    14  stm32f4xx_exti.o(.text)
    EXTI_GenerateSWInterrupt                 0x080020d3   Thumb Code    12  stm32f4xx_exti.o(.text)
    EXTI_GetFlagStatus                       0x080020df   Thumb Code    18  stm32f4xx_exti.o(.text)
    EXTI_ClearFlag                           0x080020f1   Thumb Code     8  stm32f4xx_exti.o(.text)
    EXTI_GetITStatus                         0x080020f9   Thumb Code    28  stm32f4xx_exti.o(.text)
    EXTI_ClearITPendingBit                   0x08002115   Thumb Code     8  stm32f4xx_exti.o(.text)
    GPIO_DeInit                              0x08002125   Thumb Code   192  stm32f4xx_gpio.o(.text)
    GPIO_Init                                0x080021e5   Thumb Code   124  stm32f4xx_gpio.o(.text)
    GPIO_StructInit                          0x08002261   Thumb Code    18  stm32f4xx_gpio.o(.text)
    GPIO_PinLockConfig                       0x08002273   Thumb Code    16  stm32f4xx_gpio.o(.text)
    GPIO_ReadInputDataBit                    0x08002283   Thumb Code    14  stm32f4xx_gpio.o(.text)
    GPIO_ReadInputData                       0x08002291   Thumb Code     6  stm32f4xx_gpio.o(.text)
    GPIO_ReadOutputDataBit                   0x08002297   Thumb Code    14  stm32f4xx_gpio.o(.text)
    GPIO_ReadOutputData                      0x080022a5   Thumb Code     6  stm32f4xx_gpio.o(.text)
    GPIO_SetBits                             0x080022ab   Thumb Code     4  stm32f4xx_gpio.o(.text)
    GPIO_ResetBits                           0x080022af   Thumb Code     4  stm32f4xx_gpio.o(.text)
    GPIO_WriteBit                            0x080022b3   Thumb Code    10  stm32f4xx_gpio.o(.text)
    GPIO_Write                               0x080022bd   Thumb Code     4  stm32f4xx_gpio.o(.text)
    GPIO_ToggleBits                          0x080022c1   Thumb Code     8  stm32f4xx_gpio.o(.text)
    GPIO_PinAFConfig                         0x080022c9   Thumb Code    32  stm32f4xx_gpio.o(.text)
    PWR_DeInit                               0x0800230d   Thumb Code    24  stm32f4xx_pwr.o(.text)
    PWR_BackupAccessCmd                      0x08002325   Thumb Code     6  stm32f4xx_pwr.o(.text)
    PWR_PVDLevelConfig                       0x0800232b   Thumb Code    14  stm32f4xx_pwr.o(.text)
    PWR_PVDCmd                               0x08002339   Thumb Code     6  stm32f4xx_pwr.o(.text)
    PWR_WakeUpPinCmd                         0x0800233f   Thumb Code     6  stm32f4xx_pwr.o(.text)
    PWR_BackupRegulatorCmd                   0x08002345   Thumb Code     6  stm32f4xx_pwr.o(.text)
    PWR_HighPerformanceModeCmd               0x0800234b   Thumb Code     6  stm32f4xx_pwr.o(.text)
    PWR_FlashPowerDownCmd                    0x08002351   Thumb Code     6  stm32f4xx_pwr.o(.text)
    PWR_EnterSTOPMode                        0x08002357   Thumb Code    42  stm32f4xx_pwr.o(.text)
    PWR_EnterSTANDBYMode                     0x08002381   Thumb Code    32  stm32f4xx_pwr.o(.text)
    PWR_GetFlagStatus                        0x080023a1   Thumb Code    16  stm32f4xx_pwr.o(.text)
    PWR_ClearFlag                            0x080023b1   Thumb Code    12  stm32f4xx_pwr.o(.text)
    RCC_DeInit                               0x080023d1   Thumb Code    48  stm32f4xx_rcc.o(.text)
    RCC_HSEConfig                            0x08002401   Thumb Code    12  stm32f4xx_rcc.o(.text)
    RCC_GetFlagStatus                        0x0800240d   Thumb Code    46  stm32f4xx_rcc.o(.text)
    RCC_WaitForHSEStartUp                    0x0800243b   Thumb Code    42  stm32f4xx_rcc.o(.text)
    RCC_AdjustHSICalibrationValue            0x08002465   Thumb Code    16  stm32f4xx_rcc.o(.text)
    RCC_HSICmd                               0x08002475   Thumb Code     6  stm32f4xx_rcc.o(.text)
    RCC_LSEConfig                            0x0800247b   Thumb Code    24  stm32f4xx_rcc.o(.text)
    RCC_LSICmd                               0x08002493   Thumb Code     6  stm32f4xx_rcc.o(.text)
    RCC_PLLConfig                            0x08002499   Thumb Code    32  stm32f4xx_rcc.o(.text)
    RCC_PLLCmd                               0x080024b9   Thumb Code     6  stm32f4xx_rcc.o(.text)
    RCC_PLLI2SConfig                         0x080024bf   Thumb Code    14  stm32f4xx_rcc.o(.text)
    RCC_PLLI2SCmd                            0x080024cd   Thumb Code     6  stm32f4xx_rcc.o(.text)
    RCC_ClockSecuritySystemCmd               0x080024d3   Thumb Code     6  stm32f4xx_rcc.o(.text)
    RCC_MCO1Config                           0x080024d9   Thumb Code    18  stm32f4xx_rcc.o(.text)
    RCC_MCO2Config                           0x080024eb   Thumb Code    18  stm32f4xx_rcc.o(.text)
    RCC_SYSCLKConfig                         0x080024fd   Thumb Code    16  stm32f4xx_rcc.o(.text)
    RCC_GetSYSCLKSource                      0x0800250d   Thumb Code    12  stm32f4xx_rcc.o(.text)
    RCC_HCLKConfig                           0x08002519   Thumb Code    16  stm32f4xx_rcc.o(.text)
    RCC_PCLK1Config                          0x08002529   Thumb Code    16  stm32f4xx_rcc.o(.text)
    RCC_PCLK2Config                          0x08002539   Thumb Code    18  stm32f4xx_rcc.o(.text)
    RCC_GetClocksFreq                        0x0800254b   Thumb Code   140  stm32f4xx_rcc.o(.text)
    RCC_RTCCLKConfig                         0x080025d7   Thumb Code    42  stm32f4xx_rcc.o(.text)
    RCC_RTCCLKCmd                            0x08002601   Thumb Code     8  stm32f4xx_rcc.o(.text)
    RCC_BackupResetCmd                       0x08002609   Thumb Code     8  stm32f4xx_rcc.o(.text)
    RCC_I2SCLKConfig                         0x08002611   Thumb Code     6  stm32f4xx_rcc.o(.text)
    RCC_AHB1PeriphClockCmd                   0x08002617   Thumb Code    20  stm32f4xx_rcc.o(.text)
    RCC_AHB2PeriphClockCmd                   0x0800262b   Thumb Code    20  stm32f4xx_rcc.o(.text)
    RCC_AHB3PeriphClockCmd                   0x0800263f   Thumb Code    20  stm32f4xx_rcc.o(.text)
    RCC_APB1PeriphClockCmd                   0x08002653   Thumb Code    20  stm32f4xx_rcc.o(.text)
    RCC_APB2PeriphClockCmd                   0x08002667   Thumb Code    20  stm32f4xx_rcc.o(.text)
    RCC_AHB1PeriphResetCmd                   0x0800267b   Thumb Code    20  stm32f4xx_rcc.o(.text)
    RCC_AHB2PeriphResetCmd                   0x0800268f   Thumb Code    20  stm32f4xx_rcc.o(.text)
    RCC_AHB3PeriphResetCmd                   0x080026a3   Thumb Code    20  stm32f4xx_rcc.o(.text)
    RCC_APB1PeriphResetCmd                   0x080026b7   Thumb Code    20  stm32f4xx_rcc.o(.text)
    RCC_APB2PeriphResetCmd                   0x080026cb   Thumb Code    20  stm32f4xx_rcc.o(.text)
    RCC_AHB1PeriphClockLPModeCmd             0x080026df   Thumb Code    20  stm32f4xx_rcc.o(.text)
    RCC_AHB2PeriphClockLPModeCmd             0x080026f3   Thumb Code    20  stm32f4xx_rcc.o(.text)
    RCC_AHB3PeriphClockLPModeCmd             0x08002707   Thumb Code    20  stm32f4xx_rcc.o(.text)
    RCC_APB1PeriphClockLPModeCmd             0x0800271b   Thumb Code    20  stm32f4xx_rcc.o(.text)
    RCC_APB2PeriphClockLPModeCmd             0x0800272f   Thumb Code    20  stm32f4xx_rcc.o(.text)
    RCC_ITConfig                             0x08002743   Thumb Code    20  stm32f4xx_rcc.o(.text)
    RCC_ClearFlag                            0x08002757   Thumb Code    14  stm32f4xx_rcc.o(.text)
    RCC_GetITStatus                          0x08002765   Thumb Code    18  stm32f4xx_rcc.o(.text)
    RCC_ClearITPendingBit                    0x08002777   Thumb Code     8  stm32f4xx_rcc.o(.text)
    SPI_I2S_DeInit                           0x080027a9   Thumb Code    72  stm32f4xx_spi.o(.text)
    SPI_Init                                 0x080027f1   Thumb Code    56  stm32f4xx_spi.o(.text)
    I2S_Init                                 0x08002829   Thumb Code   184  stm32f4xx_spi.o(.text)
    SPI_StructInit                           0x080028e1   Thumb Code    24  stm32f4xx_spi.o(.text)
    I2S_StructInit                           0x080028f9   Thumb Code    18  stm32f4xx_spi.o(.text)
    SPI_Cmd                                  0x0800290b   Thumb Code    20  stm32f4xx_spi.o(.text)
    I2S_Cmd                                  0x0800291f   Thumb Code    20  stm32f4xx_spi.o(.text)
    SPI_DataSizeConfig                       0x08002933   Thumb Code    16  stm32f4xx_spi.o(.text)
    SPI_BiDirectionalLineConfig              0x08002943   Thumb Code    22  stm32f4xx_spi.o(.text)
    SPI_NSSInternalSoftwareConfig            0x08002959   Thumb Code    24  stm32f4xx_spi.o(.text)
    SPI_SSOutputCmd                          0x08002971   Thumb Code    20  stm32f4xx_spi.o(.text)
    SPI_TIModeCmd                            0x08002985   Thumb Code    20  stm32f4xx_spi.o(.text)
    I2S_FullDuplexConfig                     0x08002999   Thumb Code    62  stm32f4xx_spi.o(.text)
    SPI_I2S_ReceiveData                      0x080029d7   Thumb Code     4  stm32f4xx_spi.o(.text)
    SPI_I2S_SendData                         0x080029db   Thumb Code     4  stm32f4xx_spi.o(.text)
    SPI_CalculateCRC                         0x080029df   Thumb Code    20  stm32f4xx_spi.o(.text)
    SPI_TransmitCRC                          0x080029f3   Thumb Code    10  stm32f4xx_spi.o(.text)
    SPI_GetCRC                               0x080029fd   Thumb Code    12  stm32f4xx_spi.o(.text)
    SPI_GetCRCPolynomial                     0x08002a09   Thumb Code     4  stm32f4xx_spi.o(.text)
    SPI_I2S_DMACmd                           0x08002a0d   Thumb Code    16  stm32f4xx_spi.o(.text)
    SPI_I2S_ITConfig                         0x08002a1d   Thumb Code    24  stm32f4xx_spi.o(.text)
    SPI_I2S_GetFlagStatus                    0x08002a35   Thumb Code    14  stm32f4xx_spi.o(.text)
    SPI_I2S_ClearFlag                        0x08002a43   Thumb Code     6  stm32f4xx_spi.o(.text)
    SPI_I2S_GetITStatus                      0x08002a49   Thumb Code    40  stm32f4xx_spi.o(.text)
    SPI_I2S_ClearITPendingBit                0x08002a71   Thumb Code    14  stm32f4xx_spi.o(.text)
    SYSCFG_DeInit                            0x08002a95   Thumb Code    24  stm32f4xx_syscfg.o(.text)
    SYSCFG_MemoryRemapConfig                 0x08002aad   Thumb Code     6  stm32f4xx_syscfg.o(.text)
    SYSCFG_EXTILineConfig                    0x08002ab3   Thumb Code    36  stm32f4xx_syscfg.o(.text)
    SYSCFG_ETH_MediaInterfaceConfig          0x08002ad7   Thumb Code     6  stm32f4xx_syscfg.o(.text)
    SYSCFG_CompensationCellCmd               0x08002add   Thumb Code     6  stm32f4xx_syscfg.o(.text)
    SYSCFG_GetCompensationCellStatus         0x08002ae3   Thumb Code    16  stm32f4xx_syscfg.o(.text)
    TIM_DeInit                               0x08002b01   Thumb Code   284  stm32f4xx_tim.o(.text)
    TIM_TimeBaseInit                         0x08002c1d   Thumb Code   100  stm32f4xx_tim.o(.text)
    TIM_TimeBaseStructInit                   0x08002c81   Thumb Code    18  stm32f4xx_tim.o(.text)
    TIM_PrescalerConfig                      0x08002c93   Thumb Code     6  stm32f4xx_tim.o(.text)
    TIM_CounterModeConfig                    0x08002c99   Thumb Code    12  stm32f4xx_tim.o(.text)
    TIM_SetCounter                           0x08002ca5   Thumb Code     4  stm32f4xx_tim.o(.text)
    TIM_SetAutoreload                        0x08002ca9   Thumb Code     4  stm32f4xx_tim.o(.text)
    TIM_GetCounter                           0x08002cad   Thumb Code     4  stm32f4xx_tim.o(.text)
    TIM_GetPrescaler                         0x08002cb1   Thumb Code     4  stm32f4xx_tim.o(.text)
    TIM_UpdateDisableConfig                  0x08002cb5   Thumb Code    20  stm32f4xx_tim.o(.text)
    TIM_UpdateRequestConfig                  0x08002cc9   Thumb Code    20  stm32f4xx_tim.o(.text)
    TIM_ARRPreloadConfig                     0x08002cdd   Thumb Code    20  stm32f4xx_tim.o(.text)
    TIM_SelectOnePulseMode                   0x08002cf1   Thumb Code    16  stm32f4xx_tim.o(.text)
    TIM_SetClockDivision                     0x08002d01   Thumb Code    16  stm32f4xx_tim.o(.text)
    TIM_Cmd                                  0x08002d11   Thumb Code    20  stm32f4xx_tim.o(.text)
    TIM_OC1Init                              0x08002d25   Thumb Code    88  stm32f4xx_tim.o(.text)
    TIM_OC2Init                              0x08002d7d   Thumb Code   116  stm32f4xx_tim.o(.text)
    TIM_OC3Init                              0x08002df1   Thumb Code   112  stm32f4xx_tim.o(.text)
    TIM_OC4Init                              0x08002e61   Thumb Code    84  stm32f4xx_tim.o(.text)
    TIM_OCStructInit                         0x08002eb5   Thumb Code    20  stm32f4xx_tim.o(.text)
    TIM_SelectOCxM                           0x08002ec9   Thumb Code   126  stm32f4xx_tim.o(.text)
    TIM_SetCompare1                          0x08002f47   Thumb Code     4  stm32f4xx_tim.o(.text)
    TIM_SetCompare2                          0x08002f4b   Thumb Code     4  stm32f4xx_tim.o(.text)
    TIM_SetCompare3                          0x08002f4f   Thumb Code     4  stm32f4xx_tim.o(.text)
    TIM_SetCompare4                          0x08002f53   Thumb Code     4  stm32f4xx_tim.o(.text)
    TIM_ForcedOC1Config                      0x08002f57   Thumb Code    12  stm32f4xx_tim.o(.text)
    TIM_ForcedOC2Config                      0x08002f63   Thumb Code    14  stm32f4xx_tim.o(.text)
    TIM_ForcedOC3Config                      0x08002f71   Thumb Code    12  stm32f4xx_tim.o(.text)
    TIM_ForcedOC4Config                      0x08002f7d   Thumb Code    14  stm32f4xx_tim.o(.text)
    TIM_OC1PreloadConfig                     0x08002f8b   Thumb Code    12  stm32f4xx_tim.o(.text)
    TIM_OC2PreloadConfig                     0x08002f97   Thumb Code    14  stm32f4xx_tim.o(.text)
    TIM_OC3PreloadConfig                     0x08002fa5   Thumb Code    12  stm32f4xx_tim.o(.text)
    TIM_OC4PreloadConfig                     0x08002fb1   Thumb Code    14  stm32f4xx_tim.o(.text)
    TIM_OC1FastConfig                        0x08002fbf   Thumb Code    12  stm32f4xx_tim.o(.text)
    TIM_OC2FastConfig                        0x08002fcb   Thumb Code    14  stm32f4xx_tim.o(.text)
    TIM_OC3FastConfig                        0x08002fd9   Thumb Code    12  stm32f4xx_tim.o(.text)
    TIM_OC4FastConfig                        0x08002fe5   Thumb Code    14  stm32f4xx_tim.o(.text)
    TIM_ClearOC1Ref                          0x08002ff3   Thumb Code    12  stm32f4xx_tim.o(.text)
    TIM_ClearOC2Ref                          0x08002fff   Thumb Code    14  stm32f4xx_tim.o(.text)
    TIM_ClearOC3Ref                          0x0800300d   Thumb Code    12  stm32f4xx_tim.o(.text)
    TIM_ClearOC4Ref                          0x08003019   Thumb Code    14  stm32f4xx_tim.o(.text)
    TIM_OC1PolarityConfig                    0x08003027   Thumb Code    12  stm32f4xx_tim.o(.text)
    TIM_OC1NPolarityConfig                   0x08003033   Thumb Code    12  stm32f4xx_tim.o(.text)
    TIM_OC2PolarityConfig                    0x0800303f   Thumb Code    14  stm32f4xx_tim.o(.text)
    TIM_OC2NPolarityConfig                   0x0800304d   Thumb Code    14  stm32f4xx_tim.o(.text)
    TIM_OC3PolarityConfig                    0x0800305b   Thumb Code    14  stm32f4xx_tim.o(.text)
    TIM_OC3NPolarityConfig                   0x08003069   Thumb Code    14  stm32f4xx_tim.o(.text)
    TIM_OC4PolarityConfig                    0x08003077   Thumb Code    14  stm32f4xx_tim.o(.text)
    TIM_CCxCmd                               0x08003085   Thumb Code    22  stm32f4xx_tim.o(.text)
    TIM_CCxNCmd                              0x0800309b   Thumb Code    22  stm32f4xx_tim.o(.text)
    TIM_SetIC4Prescaler                      0x080030b1   Thumb Code    18  stm32f4xx_tim.o(.text)
    TIM_SetIC3Prescaler                      0x080030c3   Thumb Code    16  stm32f4xx_tim.o(.text)
    TIM_SetIC2Prescaler                      0x080030d3   Thumb Code    18  stm32f4xx_tim.o(.text)
    TIM_SetIC1Prescaler                      0x08003113   Thumb Code    16  stm32f4xx_tim.o(.text)
    TIM_ICInit                               0x08003123   Thumb Code   152  stm32f4xx_tim.o(.text)
    TIM_ICStructInit                         0x080031bb   Thumb Code    16  stm32f4xx_tim.o(.text)
    TIM_PWMIConfig                           0x080031cb   Thumb Code   104  stm32f4xx_tim.o(.text)
    TIM_GetCapture1                          0x08003233   Thumb Code     4  stm32f4xx_tim.o(.text)
    TIM_GetCapture2                          0x08003237   Thumb Code     4  stm32f4xx_tim.o(.text)
    TIM_GetCapture3                          0x0800323b   Thumb Code     4  stm32f4xx_tim.o(.text)
    TIM_GetCapture4                          0x0800323f   Thumb Code     4  stm32f4xx_tim.o(.text)
    TIM_BDTRConfig                           0x08003243   Thumb Code    34  stm32f4xx_tim.o(.text)
    TIM_BDTRStructInit                       0x08003265   Thumb Code    18  stm32f4xx_tim.o(.text)
    TIM_CtrlPWMOutputs                       0x08003277   Thumb Code    22  stm32f4xx_tim.o(.text)
    TIM_SelectCOM                            0x0800328d   Thumb Code    20  stm32f4xx_tim.o(.text)
    TIM_CCPreloadControl                     0x080032a1   Thumb Code    20  stm32f4xx_tim.o(.text)
    TIM_ITConfig                             0x080032b5   Thumb Code    16  stm32f4xx_tim.o(.text)
    TIM_GenerateEvent                        0x080032c5   Thumb Code     4  stm32f4xx_tim.o(.text)
    TIM_GetFlagStatus                        0x080032c9   Thumb Code    14  stm32f4xx_tim.o(.text)
    TIM_ClearFlag                            0x080032d7   Thumb Code     6  stm32f4xx_tim.o(.text)
    TIM_GetITStatus                          0x080032dd   Thumb Code    22  stm32f4xx_tim.o(.text)
    TIM_ClearITPendingBit                    0x080032f3   Thumb Code     6  stm32f4xx_tim.o(.text)
    TIM_DMAConfig                            0x080032f9   Thumb Code     8  stm32f4xx_tim.o(.text)
    TIM_DMACmd                               0x08003301   Thumb Code    16  stm32f4xx_tim.o(.text)
    TIM_SelectCCDMA                          0x08003311   Thumb Code    20  stm32f4xx_tim.o(.text)
    TIM_InternalClockConfig                  0x08003325   Thumb Code    10  stm32f4xx_tim.o(.text)
    TIM_SelectInputTrigger                   0x0800332f   Thumb Code    12  stm32f4xx_tim.o(.text)
    TIM_ITRxExternalClockConfig              0x0800333b   Thumb Code    18  stm32f4xx_tim.o(.text)
    TIM_TIxExternalClockConfig               0x0800334d   Thumb Code    44  stm32f4xx_tim.o(.text)
    TIM_ETRConfig                            0x08003379   Thumb Code    22  stm32f4xx_tim.o(.text)
    TIM_ETRClockMode1Config                  0x0800338f   Thumb Code    18  stm32f4xx_tim.o(.text)
    TIM_ETRClockMode2Config                  0x080033a1   Thumb Code    18  stm32f4xx_tim.o(.text)
    TIM_SelectOutputTrigger                  0x080033b3   Thumb Code    16  stm32f4xx_tim.o(.text)
    TIM_SelectSlaveMode                      0x080033c3   Thumb Code    16  stm32f4xx_tim.o(.text)
    TIM_SelectMasterSlaveMode                0x080033d3   Thumb Code    16  stm32f4xx_tim.o(.text)
    TIM_EncoderInterfaceConfig               0x080033e3   Thumb Code    44  stm32f4xx_tim.o(.text)
    TIM_SelectHallSensor                     0x0800340f   Thumb Code    20  stm32f4xx_tim.o(.text)
    TIM_RemapConfig                          0x08003423   Thumb Code     6  stm32f4xx_tim.o(.text)
    USART_DeInit                             0x08003455   Thumb Code   114  stm32f4xx_usart.o(.text)
    USART_Init                               0x080034c7   Thumb Code   174  stm32f4xx_usart.o(.text)
    USART_StructInit                         0x08003575   Thumb Code    22  stm32f4xx_usart.o(.text)
    USART_ClockInit                          0x0800358b   Thumb Code    28  stm32f4xx_usart.o(.text)
    USART_ClockStructInit                    0x080035a7   Thumb Code    12  stm32f4xx_usart.o(.text)
    USART_Cmd                                0x080035b3   Thumb Code    20  stm32f4xx_usart.o(.text)
    USART_SetPrescaler                       0x080035c7   Thumb Code    16  stm32f4xx_usart.o(.text)
    USART_OverSampling8Cmd                   0x080035d7   Thumb Code    20  stm32f4xx_usart.o(.text)
    USART_OneBitMethodCmd                    0x080035eb   Thumb Code    20  stm32f4xx_usart.o(.text)
    USART_SendData                           0x080035ff   Thumb Code     8  stm32f4xx_usart.o(.text)
    USART_ReceiveData                        0x08003607   Thumb Code     8  stm32f4xx_usart.o(.text)
    USART_SetAddress                         0x0800360f   Thumb Code    16  stm32f4xx_usart.o(.text)
    USART_ReceiverWakeUpCmd                  0x0800361f   Thumb Code    20  stm32f4xx_usart.o(.text)
    USART_WakeUpConfig                       0x08003633   Thumb Code    16  stm32f4xx_usart.o(.text)
    USART_LINBreakDetectLengthConfig         0x08003643   Thumb Code    16  stm32f4xx_usart.o(.text)
    USART_LINCmd                             0x08003653   Thumb Code    20  stm32f4xx_usart.o(.text)
    USART_SendBreak                          0x08003667   Thumb Code    10  stm32f4xx_usart.o(.text)
    USART_HalfDuplexCmd                      0x08003671   Thumb Code    20  stm32f4xx_usart.o(.text)
    USART_SetGuardTime                       0x08003685   Thumb Code    16  stm32f4xx_usart.o(.text)
    USART_SmartCardCmd                       0x08003695   Thumb Code    20  stm32f4xx_usart.o(.text)
    USART_SmartCardNACKCmd                   0x080036a9   Thumb Code    20  stm32f4xx_usart.o(.text)
    USART_IrDAConfig                         0x080036bd   Thumb Code    16  stm32f4xx_usart.o(.text)
    USART_IrDACmd                            0x080036cd   Thumb Code    20  stm32f4xx_usart.o(.text)
    USART_DMACmd                             0x080036e1   Thumb Code    16  stm32f4xx_usart.o(.text)
    USART_ITConfig                           0x080036f1   Thumb Code    48  stm32f4xx_usart.o(.text)
    USART_GetFlagStatus                      0x08003721   Thumb Code    14  stm32f4xx_usart.o(.text)
    USART_ClearFlag                          0x0800372f   Thumb Code     6  stm32f4xx_usart.o(.text)
    USART_GetITStatus                        0x08003735   Thumb Code    62  stm32f4xx_usart.o(.text)
    USART_ClearITPendingBit                  0x08003773   Thumb Code    12  stm32f4xx_usart.o(.text)
    LIS302DL_Write                           0x080037f3   Thumb Code    64  stm32f4_discovery_lis302dl.o(.text)
    LIS302DL_Init                            0x08003947   Thumb Code    48  stm32f4_discovery_lis302dl.o(.text)
    LIS302DL_Read                            0x08003977   Thumb Code    70  stm32f4_discovery_lis302dl.o(.text)
    LIS302DL_FilterConfig                    0x080039bd   Thumb Code    60  stm32f4_discovery_lis302dl.o(.text)
    LIS302DL_InterruptConfig                 0x080039f9   Thumb Code    46  stm32f4_discovery_lis302dl.o(.text)
    LIS302DL_LowpowerCmd                     0x08003a27   Thumb Code    40  stm32f4_discovery_lis302dl.o(.text)
    LIS302DL_DataRateCmd                     0x08003a4f   Thumb Code    40  stm32f4_discovery_lis302dl.o(.text)
    LIS302DL_FullScaleCmd                    0x08003a77   Thumb Code    40  stm32f4_discovery_lis302dl.o(.text)
    LIS302DL_RebootCmd                       0x08003a9f   Thumb Code    36  stm32f4_discovery_lis302dl.o(.text)
    LIS302DL_ReadACC                         0x08003ac3   Thumb Code    94  stm32f4_discovery_lis302dl.o(.text)
    USART2_IRQHandler                        0x08003b31   Thumb Code    16  stm32f4xx_it.o(.text)
    NMI_Handler                              0x08003b41   Thumb Code     2  stm32f4xx_it.o(.text)
    HardFault_Handler                        0x08003b43   Thumb Code     2  stm32f4xx_it.o(.text)
    MemManage_Handler                        0x08003b45   Thumb Code     2  stm32f4xx_it.o(.text)
    BusFault_Handler                         0x08003b47   Thumb Code     2  stm32f4xx_it.o(.text)
    UsageFault_Handler                       0x08003b49   Thumb Code     2  stm32f4xx_it.o(.text)
    DebugMon_Handler                         0x08003b4b   Thumb Code     2  stm32f4xx_it.o(.text)
    ptopwm                                   0x08003b55   Thumb Code    14  utils.o(.text)
    vUSART2_Init                             0x08003b63   Thumb Code   148  utils.o(.text)
    TIM4_Config                              0x08003bf7   Thumb Code   100  utils.o(.text)
    TIM3_Config                              0x08003c5b   Thumb Code   132  utils.o(.text)
    HwInit                                   0x08003cdf   Thumb Code   354  utils.o(.text)
    TIM_SetDuty                              0x08003e41   Thumb Code    26  utils.o(.text)
    SystemInit                               0x08003e91   Thumb Code    62  system_stm32f4xx.o(.text)
    SystemCoreClockUpdate                    0x08003ecf   Thumb Code   112  system_stm32f4xx.o(.text)
    Reset_Handler                            0x08003ff1   Thumb Code    18  startup_stm32f4xx.o(.text)
    ADC_IRQHandler                           0x08004015   Thumb Code     0  startup_stm32f4xx.o(.text)
    CAN1_RX0_IRQHandler                      0x08004015   Thumb Code     0  startup_stm32f4xx.o(.text)
    CAN1_RX1_IRQHandler                      0x08004015   Thumb Code     0  startup_stm32f4xx.o(.text)
    CAN1_SCE_IRQHandler                      0x08004015   Thumb Code     0  startup_stm32f4xx.o(.text)
    CAN1_TX_IRQHandler                       0x08004015   Thumb Code     0  startup_stm32f4xx.o(.text)
    CAN2_RX0_IRQHandler                      0x08004015   Thumb Code     0  startup_stm32f4xx.o(.text)
    CAN2_RX1_IRQHandler                      0x08004015   Thumb Code     0  startup_stm32f4xx.o(.text)
    CAN2_SCE_IRQHandler                      0x08004015   Thumb Code     0  startup_stm32f4xx.o(.text)
    CAN2_TX_IRQHandler                       0x08004015   Thumb Code     0  startup_stm32f4xx.o(.text)
    CRYP_IRQHandler                          0x08004015   Thumb Code     0  startup_stm32f4xx.o(.text)
    DCMI_IRQHandler                          0x08004015   Thumb Code     0  startup_stm32f4xx.o(.text)
    DMA1_Stream0_IRQHandler                  0x08004015   Thumb Code     0  startup_stm32f4xx.o(.text)
    DMA1_Stream1_IRQHandler                  0x08004015   Thumb Code     0  startup_stm32f4xx.o(.text)
    DMA1_Stream2_IRQHandler                  0x08004015   Thumb Code     0  startup_stm32f4xx.o(.text)
    DMA1_Stream3_IRQHandler                  0x08004015   Thumb Code     0  startup_stm32f4xx.o(.text)
    DMA1_Stream4_IRQHandler                  0x08004015   Thumb Code     0  startup_stm32f4xx.o(.text)
    DMA1_Stream5_IRQHandler                  0x08004015   Thumb Code     0  startup_stm32f4xx.o(.text)
    DMA1_Stream6_IRQHandler                  0x08004015   Thumb Code     0  startup_stm32f4xx.o(.text)
    DMA1_Stream7_IRQHandler                  0x08004015   Thumb Code     0  startup_stm32f4xx.o(.text)
    DMA2_Stream0_IRQHandler                  0x08004015   Thumb Code     0  startup_stm32f4xx.o(.text)
    DMA2_Stream1_IRQHandler                  0x08004015   Thumb Code     0  startup_stm32f4xx.o(.text)
    DMA2_Stream2_IRQHandler                  0x08004015   Thumb Code     0  startup_stm32f4xx.o(.text)
    DMA2_Stream3_IRQHandler                  0x08004015   Thumb Code     0  startup_stm32f4xx.o(.text)
    DMA2_Stream4_IRQHandler                  0x08004015   Thumb Code     0  startup_stm32f4xx.o(.text)
    DMA2_Stream5_IRQHandler                  0x08004015   Thumb Code     0  startup_stm32f4xx.o(.text)
    DMA2_Stream6_IRQHandler                  0x08004015   Thumb Code     0  startup_stm32f4xx.o(.text)
    DMA2_Stream7_IRQHandler                  0x08004015   Thumb Code     0  startup_stm32f4xx.o(.text)
    ETH_IRQHandler                           0x08004015   Thumb Code     0  startup_stm32f4xx.o(.text)
    ETH_WKUP_IRQHandler                      0x08004015   Thumb Code     0  startup_stm32f4xx.o(.text)
    EXTI0_IRQHandler                         0x08004015   Thumb Code     0  startup_stm32f4xx.o(.text)
    EXTI15_10_IRQHandler                     0x08004015   Thumb Code     0  startup_stm32f4xx.o(.text)
    EXTI1_IRQHandler                         0x08004015   Thumb Code     0  startup_stm32f4xx.o(.text)
    EXTI2_IRQHandler                         0x08004015   Thumb Code     0  startup_stm32f4xx.o(.text)
    EXTI3_IRQHandler                         0x08004015   Thumb Code     0  startup_stm32f4xx.o(.text)
    EXTI4_IRQHandler                         0x08004015   Thumb Code     0  startup_stm32f4xx.o(.text)
    EXTI9_5_IRQHandler                       0x08004015   Thumb Code     0  startup_stm32f4xx.o(.text)
    FLASH_IRQHandler                         0x08004015   Thumb Code     0  startup_stm32f4xx.o(.text)
    FPU_IRQHandler                           0x08004015   Thumb Code     0  startup_stm32f4xx.o(.text)
    FSMC_IRQHandler                          0x08004015   Thumb Code     0  startup_stm32f4xx.o(.text)
    HASH_RNG_IRQHandler                      0x08004015   Thumb Code     0  startup_stm32f4xx.o(.text)
    I2C1_ER_IRQHandler                       0x08004015   Thumb Code     0  startup_stm32f4xx.o(.text)
    I2C1_EV_IRQHandler                       0x08004015   Thumb Code     0  startup_stm32f4xx.o(.text)
    I2C2_ER_IRQHandler                       0x08004015   Thumb Code     0  startup_stm32f4xx.o(.text)
    I2C2_EV_IRQHandler                       0x08004015   Thumb Code     0  startup_stm32f4xx.o(.text)
    I2C3_ER_IRQHandler                       0x08004015   Thumb Code     0  startup_stm32f4xx.o(.text)
    I2C3_EV_IRQHandler                       0x08004015   Thumb Code     0  startup_stm32f4xx.o(.text)
    OTG_FS_IRQHandler                        0x08004015   Thumb Code     0  startup_stm32f4xx.o(.text)
    OTG_FS_WKUP_IRQHandler                   0x08004015   Thumb Code     0  startup_stm32f4xx.o(.text)
    OTG_HS_EP1_IN_IRQHandler                 0x08004015   Thumb Code     0  startup_stm32f4xx.o(.text)
    OTG_HS_EP1_OUT_IRQHandler                0x08004015   Thumb Code     0  startup_stm32f4xx.o(.text)
    OTG_HS_IRQHandler                        0x08004015   Thumb Code     0  startup_stm32f4xx.o(.text)
    OTG_HS_WKUP_IRQHandler                   0x08004015   Thumb Code     0  startup_stm32f4xx.o(.text)
    PVD_IRQHandler                           0x08004015   Thumb Code     0  startup_stm32f4xx.o(.text)
    RCC_IRQHandler                           0x08004015   Thumb Code     0  startup_stm32f4xx.o(.text)
    RTC_Alarm_IRQHandler                     0x08004015   Thumb Code     0  startup_stm32f4xx.o(.text)
    RTC_WKUP_IRQHandler                      0x08004015   Thumb Code     0  startup_stm32f4xx.o(.text)
    SDIO_IRQHandler                          0x08004015   Thumb Code     0  startup_stm32f4xx.o(.text)
    SPI1_IRQHandler                          0x08004015   Thumb Code     0  startup_stm32f4xx.o(.text)
    SPI2_IRQHandler                          0x08004015   Thumb Code     0  startup_stm32f4xx.o(.text)
    SPI3_IRQHandler                          0x08004015   Thumb Code     0  startup_stm32f4xx.o(.text)
    TAMP_STAMP_IRQHandler                    0x08004015   Thumb Code     0  startup_stm32f4xx.o(.text)
    TIM1_BRK_TIM9_IRQHandler                 0x08004015   Thumb Code     0  startup_stm32f4xx.o(.text)
    TIM1_CC_IRQHandler                       0x08004015   Thumb Code     0  startup_stm32f4xx.o(.text)
    TIM1_TRG_COM_TIM11_IRQHandler            0x08004015   Thumb Code     0  startup_stm32f4xx.o(.text)
    TIM1_UP_TIM10_IRQHandler                 0x08004015   Thumb Code     0  startup_stm32f4xx.o(.text)
    TIM2_IRQHandler                          0x08004015   Thumb Code     0  startup_stm32f4xx.o(.text)
    TIM3_IRQHandler                          0x08004015   Thumb Code     0  startup_stm32f4xx.o(.text)
    TIM4_IRQHandler                          0x08004015   Thumb Code     0  startup_stm32f4xx.o(.text)
    TIM5_IRQHandler                          0x08004015   Thumb Code     0  startup_stm32f4xx.o(.text)
    TIM6_DAC_IRQHandler                      0x08004015   Thumb Code     0  startup_stm32f4xx.o(.text)
    TIM7_IRQHandler                          0x08004015   Thumb Code     0  startup_stm32f4xx.o(.text)
    TIM8_BRK_TIM12_IRQHandler                0x08004015   Thumb Code     0  startup_stm32f4xx.o(.text)
    TIM8_CC_IRQHandler                       0x08004015   Thumb Code     0  startup_stm32f4xx.o(.text)
    TIM8_TRG_COM_TIM14_IRQHandler            0x08004015   Thumb Code     0  startup_stm32f4xx.o(.text)
    TIM8_UP_TIM13_IRQHandler                 0x08004015   Thumb Code     0  startup_stm32f4xx.o(.text)
    UART4_IRQHandler                         0x08004015   Thumb Code     0  startup_stm32f4xx.o(.text)
    UART5_IRQHandler                         0x08004015   Thumb Code     0  startup_stm32f4xx.o(.text)
    USART1_IRQHandler                        0x08004015   Thumb Code     0  startup_stm32f4xx.o(.text)
    USART3_IRQHandler                        0x08004015   Thumb Code     0  startup_stm32f4xx.o(.text)
    USART6_IRQHandler                        0x08004015   Thumb Code     0  startup_stm32f4xx.o(.text)
    WWDG_IRQHandler                          0x08004015   Thumb Code     0  startup_stm32f4xx.o(.text)
    STM_EVAL_LEDInit                         0x08004025   Thumb Code    62  stm32f4_discovery.o(.text)
    STM_EVAL_LEDOn                           0x08004063   Thumb Code    18  stm32f4_discovery.o(.text)
    STM_EVAL_LEDOff                          0x08004075   Thumb Code    18  stm32f4_discovery.o(.text)
    STM_EVAL_LEDToggle                       0x08004087   Thumb Code    22  stm32f4_discovery.o(.text)
    STM_EVAL_PBInit                          0x0800409d   Thumb Code   146  stm32f4_discovery.o(.text)
    STM_EVAL_PBGetState                      0x0800412f   Thumb Code    20  stm32f4_discovery.o(.text)
    __aeabi_memcpy                           0x0800414d   Thumb Code    36  memcpya.o(.text)
    __aeabi_memcpy4                          0x0800414d   Thumb Code     0  memcpya.o(.text)
    __aeabi_memcpy8                          0x0800414d   Thumb Code     0  memcpya.o(.text)
    __aeabi_memset                           0x08004171   Thumb Code    14  memseta.o(.text)
    __aeabi_memset4                          0x08004171   Thumb Code     0  memseta.o(.text)
    __aeabi_memset8                          0x08004171   Thumb Code     0  memseta.o(.text)
    __aeabi_memclr                           0x0800417f   Thumb Code     4  memseta.o(.text)
    __aeabi_memclr4                          0x0800417f   Thumb Code     0  memseta.o(.text)
    __aeabi_memclr8                          0x0800417f   Thumb Code     0  memseta.o(.text)
    _memset$wrapper                          0x08004183   Thumb Code    20  memseta.o(.text)
    strcat                                   0x08004197   Thumb Code    28  strcat.o(.text)
    strncpy                                  0x080041b3   Thumb Code    24  strncpy.o(.text)
    __aeabi_uidiv                            0x080041cb   Thumb Code     0  uidiv.o(.text)
    __aeabi_uidivmod                         0x080041cb   Thumb Code    44  uidiv.o(.text)
    __scatterload                            0x080041f9   Thumb Code    28  init.o(.text)
    __scatterload_rt2                        0x080041f9   Thumb Code     0  init.o(.text)
    __0sprintf$3                             0x0800421d   Thumb Code    34  printf3.o(i.__0sprintf$3)
    __1sprintf$3                             0x0800421d   Thumb Code     0  printf3.o(i.__0sprintf$3)
    __2sprintf                               0x0800421d   Thumb Code     0  printf3.o(i.__0sprintf$3)
    __scatterload_copy                       0x08004245   Thumb Code    14  handlers.o(i.__scatterload_copy)
    __scatterload_null                       0x08004253   Thumb Code     2  handlers.o(i.__scatterload_null)
    __scatterload_zeroinit                   0x08004255   Thumb Code    14  handlers.o(i.__scatterload_zeroinit)
    uc16PercentToPWM                         0x08004422   Data         202  utils.o(.constdata)
    BUTTON_PORT_SOURCE                       0x080044ec   Data           1  stm32f4_discovery.o(.constdata)
    BUTTON_PIN_SOURCE                        0x080044ed   Data           1  stm32f4_discovery.o(.constdata)
    BUTTON_IRQn                              0x080044ee   Data           1  stm32f4_discovery.o(.constdata)
    BUTTON_PIN                               0x080044f0   Data           2  stm32f4_discovery.o(.constdata)
    BUTTON_EXTI_LINE                         0x080044f2   Data           2  stm32f4_discovery.o(.constdata)
    BUTTON_CLK                               0x080044f4   Data           4  stm32f4_discovery.o(.constdata)
    GPIO_PIN                                 0x080044f8   Data           8  stm32f4_discovery.o(.constdata)
    GPIO_CLK                                 0x08004500   Data          16  stm32f4_discovery.o(.constdata)
    Region$$Table$$Base                      0x08004510   Number         0  anon$$obj.o(Region$$Table)
    Region$$Table$$Limit                     0x08004530   Number         0  anon$$obj.o(Region$$Table)
    xDebugQueue                              0x20000000   Data           4  debug.o(.data)
    hTimeTask                                0x20000008   Data           4  main.o(.data)
    hMemsTask                                0x2000000c   Data           4  main.o(.data)
    hDebugTask                               0x20000010   Data           4  main.o(.data)
    u64Ticks                                 0x20000018   Data           8  main.o(.data)
    u64IdleTicks                             0x20000020   Data           8  main.o(.data)
    u64IdleTicksCnt                          0x20000028   Data           8  main.o(.data)
    fMems_Debug                              0x20000030   Data           1  mems.o(.data)
    accel                                    0x20000031   Data           6  mems.o(.data)
    s8buff                                   0x20000037   Data           6  mems.o(.data)
    pxCurrentTCB                             0x20000040   Data           4  tasks.o(.data)
    LIS302DLTimeout                          0x200000a4   Data           4  stm32f4_discovery_lis302dl.o(.data)
    uart2_cnt                                0x200000a8   Data           2  stm32f4xx_it.o(.data)
    CCR1_Val                                 0x200000aa   Data           2  utils.o(.data)
    CCR2_Val                                 0x200000ac   Data           2  utils.o(.data)
    CCR3_Val                                 0x200000ae   Data           2  utils.o(.data)
    CCR4_Val                                 0x200000b0   Data           2  utils.o(.data)
    PrescalerValue                           0x200000b2   Data           2  utils.o(.data)
    SystemCoreClock                          0x200000b4   Data           4  system_stm32f4xx.o(.data)
    AHBPrescTable                            0x200000b8   Data          16  system_stm32f4xx.o(.data)
    BUTTON_PORT                              0x200000c8   Data           4  stm32f4_discovery.o(.data)
    GPIO_PORT                                0x200000cc   Data          16  stm32f4_discovery.o(.data)
    xQueueRegistry                           0x200000dc   Data          64  queue.o(.bss)
    TIM_TimeBaseStructure                    0x20001640   Data          12  utils.o(.bss)
    TIM_OCInitStructure                      0x2000164c   Data          20  utils.o(.bss)
    __initial_sp                             0x20001a60   Data           0  startup_stm32f4xx.o(STACK)



==============================================================================

Memory Map of the image

  Image Entry point : 0x08003ff1

  Load Region LR_1 (Base: 0x08000000, Size: 0x0000460c, Max: 0xffffffff, ABSOLUTE)

    Execution Region ER_RO (Base: 0x08000000, Size: 0x00004530, Max: 0xffffffff, ABSOLUTE)

    Base Addr    Size         Type   Attr      Idx    E Section Name        Object

    0x08000000   0x00000188   Data   RO         1000    RESET               startup_stm32f4xx.o
    0x08000188   0x00000000   Code   RO         1026  * .ARM.Collect$$$$00000000  mc_w.l(entry.o)
    0x08000188   0x00000004   Code   RO         1300    .ARM.Collect$$$$00000001  mc_w.l(entry2.o)
    0x0800018c   0x00000004   Code   RO         1303    .ARM.Collect$$$$00000004  mc_w.l(entry5.o)
    0x08000190   0x00000000   Code   RO         1305    .ARM.Collect$$$$00000008  mc_w.l(entry7b.o)
    0x08000190   0x00000008   Code   RO         1306    .ARM.Collect$$$$00000009  mc_w.l(entry8.o)
    0x08000198   0x00000004   Code   RO         1301    .ARM.Collect$$$$00002712  mc_w.l(entry2.o)
    0x0800019c   0x000000b0   Code   RO          348    .emb_text           port.o
    0x0800024c   0x000004f4   Code   RO            2    .text               debug.o
    0x08000740   0x00000104   Code   RO          181    .text               main.o
    0x08000844   0x00000200   Code   RO          201    .text               mems.o
    0x08000a44   0x0000008c   Code   RO          246    .text               list.o
    0x08000ad0   0x0000060c   Code   RO          268    .text               queue.o
    0x080010dc   0x00000a60   Code   RO          290    .text               tasks.o
    0x08001b3c   0x00000324   Code   RO          330    .text               timers.o
    0x08001e60   0x000000c8   Code   RO          349    .text               port.o
    0x08001f28   0x00000060   Code   RO          367    .text               heap_1.o
    0x08001f88   0x000000b0   Code   RO          386    .text               misc.o
    0x08002038   0x000000ec   Code   RO          578    .text               stm32f4xx_exti.o
    0x08002124   0x000001e8   Code   RO          627    .text               stm32f4xx_gpio.o
    0x0800230c   0x000000c4   Code   RO          723    .text               stm32f4xx_pwr.o
    0x080023d0   0x000003d8   Code   RO          739    .text               stm32f4xx_rcc.o
    0x080027a8   0x000002ec   Code   RO          806    .text               stm32f4xx_spi.o
    0x08002a94   0x0000006c   Code   RO          822    .text               stm32f4xx_syscfg.o
    0x08002b00   0x00000954   Code   RO          838    .text               stm32f4xx_tim.o
    0x08003454   0x00000344   Code   RO          855    .text               stm32f4xx_usart.o
    0x08003798   0x00000398   Code   RO          887    .text               stm32f4_discovery_lis302dl.o
    0x08003b30   0x00000024   Code   RO          906    .text               stm32f4xx_it.o
    0x08003b54   0x0000033c   Code   RO          949    .text               utils.o
    0x08003e90   0x00000160   Code   RO          977    .text               system_stm32f4xx.o
    0x08003ff0   0x00000034   Code   RO         1001  * .text               startup_stm32f4xx.o
    0x08004024   0x00000128   Code   RO         1006    .text               stm32f4_discovery.o
    0x0800414c   0x00000024   Code   RO         1029    .text               mc_w.l(memcpya.o)
    0x08004170   0x00000026   Code   RO         1031    .text               mc_w.l(memseta.o)
    0x08004196   0x0000001c   Code   RO         1033    .text               mc_w.l(strcat.o)
    0x080041b2   0x00000018   Code   RO         1035    .text               mc_w.l(strncpy.o)
    0x080041ca   0x0000002c   Code   RO         1310    .text               mc_w.l(uidiv.o)
    0x080041f6   0x00000002   PAD
    0x080041f8   0x00000024   Code   RO         1325    .text               mc_w.l(init.o)
    0x0800421c   0x00000028   Code   RO         1130    i.__0sprintf$3      mc_w.l(printf3.o)
    0x08004244   0x0000000e   Code   RO         1339    i.__scatterload_copy  mc_w.l(handlers.o)
    0x08004252   0x00000002   Code   RO         1340    i.__scatterload_null  mc_w.l(handlers.o)
    0x08004254   0x0000000e   Code   RO         1341    i.__scatterload_zeroinit  mc_w.l(handlers.o)
    0x08004262   0x00000002   PAD
    0x08004264   0x000001b4   Code   RO         1135    i._printf_core      mc_w.l(printf3.o)
    0x08004418   0x0000000a   Code   RO         1137    i._sputc            mc_w.l(printf3.o)
    0x08004422   0x000000ca   Data   RO          951    .constdata          utils.o
    0x080044ec   0x00000024   Data   RO         1007    .constdata          stm32f4_discovery.o
    0x08004510   0x00000020   Data   RO         1337    Region$$Table       anon$$obj.o


    Execution Region ER_RW (Base: 0x20000000, Size: 0x000000dc, Max: 0xffffffff, ABSOLUTE)

    Base Addr    Size         Type   Attr      Idx    E Section Name        Object

    0x20000000   0x00000004   Data   RW            3    .data               debug.o
    0x20000004   0x00000004   PAD
    0x20000008   0x00000028   Data   RW          182    .data               main.o
    0x20000030   0x0000000d   Data   RW          202    .data               mems.o
    0x2000003d   0x00000003   PAD
    0x20000040   0x0000003c   Data   RW          292    .data               tasks.o
    0x2000007c   0x00000010   Data   RW          332    .data               timers.o
    0x2000008c   0x00000004   Data   RW          350    .data               port.o
    0x20000090   0x00000004   Data   RW          369    .data               heap_1.o
    0x20000094   0x00000010   Data   RW          740    .data               stm32f4xx_rcc.o
    0x200000a4   0x00000004   Data   RW          888    .data               stm32f4_discovery_lis302dl.o
    0x200000a8   0x00000002   Data   RW          907    .data               stm32f4xx_it.o
    0x200000aa   0x0000000a   Data   RW          952    .data               utils.o
    0x200000b4   0x00000014   Data   RW          978    .data               system_stm32f4xx.o
    0x200000c8   0x00000014   Data   RW         1008    .data               stm32f4_discovery.o


    Execution Region ER_ZI (Base: 0x200000dc, Size: 0x00001984, Max: 0xffffffff, ABSOLUTE)

    Base Addr    Size         Type   Attr      Idx    E Section Name        Object

    0x200000dc   0x00000040   Zero   RW          269    .bss                queue.o
    0x2000011c   0x000000fc   Zero   RW          291    .bss                tasks.o
    0x20000218   0x00000028   Zero   RW          331    .bss                timers.o
    0x20000240   0x00001400   Zero   RW          368    .bss                heap_1.o
    0x20001640   0x00000020   Zero   RW          950    .bss                utils.o
    0x20001660   0x00000400   Zero   RW          998    STACK               startup_stm32f4xx.o


==============================================================================

Image component sizes


      Code (inc. data)   RO Data    RW Data    ZI Data      Debug   Object Name

      1268        538          0          4          0     279407   debug.o
        96         10          0          4       5120       1960   heap_1.o
       140          0          0          0          0       3141   list.o
       260         68          0         40          0       1627   main.o
       512         24          0         13          0       7470   mems.o
       176         16          0          0          0       2053   misc.o
       376         32          0          4          0       4193   port.o
      1548          6          0          0         64      11205   queue.o
        52         14        392          0       1024        792   startup_stm32f4xx.o
       296         10         36         20          0       3058   stm32f4_discovery.o
       920         16          0          4          0       4270   stm32f4_discovery_lis302dl.o
       236          8          0          0          0       2639   stm32f4xx_exti.o
       488         36          0          0          0       4541   stm32f4xx_gpio.o
        36          8          0          2          0       1337   stm32f4xx_it.o
       196         20          0          0          0       2655   stm32f4xx_pwr.o
       984         42          0         16          0      11547   stm32f4xx_rcc.o
       748         22          0          0          0       7357   stm32f4xx_spi.o
       108         14          0          0          0       1791   stm32f4xx_syscfg.o
      2388         52          0          0          0      23046   stm32f4xx_tim.o
       836         26          0          0          0       8324   stm32f4xx_usart.o
       352         38          0         20          0       1947   system_stm32f4xx.o
      2656         62          0         60        252      17747   tasks.o
       804         22          0         16         40       6160   timers.o
       828         54        202         10         32      21328   utils.o

    ----------------------------------------------------------------------
     16304       1138        662        220       6532     429595   Object Totals
         0          0         32          0          0          0   (incl. Generated)
         0          0          0          7          0          0   (incl. Padding)

    ----------------------------------------------------------------------

      Code (inc. data)   RO Data    RW Data    ZI Data      Debug   Library Member Name

         0          0          0          0          0          0   entry.o
         8          4          0          0          0          0   entry2.o
         4          0          0          0          0          0   entry5.o
         0          0          0          0          0          0   entry7b.o
         8          4          0          0          0          0   entry8.o
        30          0          0          0          0          0   handlers.o
        36          8          0          0          0         68   init.o
        36          0          0          0          0         68   memcpya.o
        38          0          0          0          0        108   memseta.o
       486         10          0          0          0        248   printf3.o
        28          0          0          0          0         68   strcat.o
        24          0          0          0          0         76   strncpy.o
        44          0          0          0          0         80   uidiv.o

    ----------------------------------------------------------------------
       746         26          0          0          0        716   Library Totals
         4          0          0          0          0          0   (incl. Padding)

    ----------------------------------------------------------------------

      Code (inc. data)   RO Data    RW Data    ZI Data      Debug   Library Name

       742         26          0          0          0        716   mc_w.l

    ----------------------------------------------------------------------
       746         26          0          0          0        716   Library Totals

    ----------------------------------------------------------------------

==============================================================================


      Code (inc. data)   RO Data    RW Data    ZI Data      Debug   

     17050       1164        662        220       6532     422699   Grand Totals
     17050       1164        662        220       6532     422699   ELF Image Totals
     17050       1164        662        220          0          0   ROM Totals

==============================================================================

    Total RO  Size (Code + RO Data)                17712 (  17.30kB)
    Total RW  Size (RW Data + ZI Data)              6752 (   6.59kB)
    Total ROM Size (Code + RO Data + RW Data)      17932 (  17.51kB)

==============================================================================

