<html>
<body>
<pre>
<h1>µVision Build Log</h1>
<h2>Project:</h2>
C:\Users\Fiedel\Documents\GitHub\Quadrocopter\STM32F4-FreeRTOS\project\FreeRTOS-Demo1.uvproj
Project File Date:  07/11/2012

<h2>Output:</h2>
Build target 'FreeRTOS_Demo'
compiling debug.c...
..\src\debug.c(182): warning:  #1293-D: assignment in condition
compiling main.c...
compiling mems.c...
compiling croutine.c...
compiling list.c...
compiling queue.c...
compiling tasks.c...
..\src\FreeRTOS\tasks.c(456): warning:  #174-D: expression has no effect
compiling timers.c...
compiling port.c...
compiling heap_1.c...
compiling misc.c...
compiling stm32f4xx_adc.c...
compiling stm32f4xx_can.c...
compiling stm32f4xx_crc.c...
compiling stm32f4xx_cryp.c...
compiling stm32f4xx_cryp_aes.c...
compiling stm32f4xx_cryp_des.c...
compiling stm32f4xx_cryp_tdes.c...
compiling stm32f4xx_dac.c...
compiling stm32f4xx_dbgmcu.c...
compiling stm32f4xx_dcmi.c...
compiling stm32f4xx_dma.c...
compiling stm32f4xx_exti.c...
compiling stm32f4xx_flash.c...
compiling stm32f4xx_fsmc.c...
compiling stm32f4xx_gpio.c...
compiling stm32f4xx_hash.c...
compiling stm32f4xx_hash_md5.c...
compiling stm32f4xx_hash_sha1.c...
compiling stm32f4xx_i2c.c...
compiling stm32f4xx_iwdg.c...
compiling stm32f4xx_pwr.c...
compiling stm32f4xx_rcc.c...
compiling stm32f4xx_rng.c...
compiling stm32f4xx_rtc.c...
compiling stm32f4xx_sdio.c...
compiling stm32f4xx_spi.c...
compiling stm32f4xx_syscfg.c...
compiling stm32f4xx_tim.c...
compiling stm32f4xx_usart.c...
compiling stm32f4xx_wwdg.c...
compiling stm32f4_discovery_lis302dl.c...
compiling stm32f4xx_it.c...
compiling utils.c...
compiling system_stm32f4xx.c...
assembling startup_stm32f4xx.s...
compiling stm32f4_discovery.c...
linking...
Program Size: Code=17050 RO-data=662 RW-data=220 ZI-data=6532  
".\output\FreeRTOS-Demo1.axf" - 0 Error(s), 2 Warning(s).
Build target 'FreeRTOS_Demo'
compiling utils.c...
linking...
Program Size: Code=17050 RO-data=662 RW-data=220 ZI-data=6532  
".\output\FreeRTOS-Demo1.axf" - 0 Error(s), 0 Warning(s).
Load "C:\\Users\\Fiedel\\Documents\\GitHub\\Quadrocopter\\STM32F4-FreeRTOS\\project\\output\\FreeRTOS-Demo1.AXF" 
Load "C:\\Users\\Fiedel\\Documents\\GitHub\\Quadrocopter\\STM32F4-FreeRTOS\\project\\output\\FreeRTOS-Demo1.AXF" 
Build target 'FreeRTOS_Demo'
compiling mems.c...
linking...
Program Size: Code=17050 RO-data=662 RW-data=220 ZI-data=6532  
".\output\FreeRTOS-Demo1.axf" - 0 Error(s), 0 Warning(s).
Load "C:\\Users\\Fiedel\\Documents\\GitHub\\Quadrocopter\\STM32F4-FreeRTOS\\project\\output\\FreeRTOS-Demo1.AXF" 
Build target 'FreeRTOS_Demo'
compiling debug.c...
..\src\debug.c(182): warning:  #1293-D: assignment in condition
compiling main.c...
compiling mems.c...
compiling croutine.c...
compiling list.c...
compiling queue.c...
compiling tasks.c...
..\src\FreeRTOS\tasks.c(456): warning:  #174-D: expression has no effect
compiling timers.c...
compiling port.c...
compiling heap_1.c...
compiling misc.c...
compiling stm32f4xx_adc.c...
compiling stm32f4xx_can.c...
compiling stm32f4xx_crc.c...
compiling stm32f4xx_cryp.c...
compiling stm32f4xx_cryp_aes.c...
compiling stm32f4xx_cryp_des.c...
compiling stm32f4xx_cryp_tdes.c...
compiling stm32f4xx_dac.c...
compiling stm32f4xx_dbgmcu.c...
compiling stm32f4xx_dcmi.c...
compiling stm32f4xx_dma.c...
compiling stm32f4xx_exti.c...
compiling stm32f4xx_flash.c...
compiling stm32f4xx_fsmc.c...
compiling stm32f4xx_gpio.c...
compiling stm32f4xx_hash.c...
compiling stm32f4xx_hash_md5.c...
compiling stm32f4xx_hash_sha1.c...
compiling stm32f4xx_i2c.c...
compiling stm32f4xx_iwdg.c...
compiling stm32f4xx_pwr.c...
compiling stm32f4xx_rcc.c...
compiling stm32f4xx_rng.c...
compiling stm32f4xx_rtc.c...
compiling stm32f4xx_sdio.c...
compiling stm32f4xx_spi.c...
compiling stm32f4xx_syscfg.c...
compiling stm32f4xx_tim.c...
compiling stm32f4xx_usart.c...
compiling stm32f4xx_wwdg.c...
compiling stm32f4_discovery_lis302dl.c...
compiling stm32f4xx_it.c...
compiling utils.c...
compiling system_stm32f4xx.c...
assembling startup_stm32f4xx.s...
compiling stm32f4_discovery.c...
linking...
Program Size: Code=17050 RO-data=662 RW-data=220 ZI-data=6532  
".\output\FreeRTOS-Demo1.axf" - 0 Error(s), 2 Warning(s).
